Archive member included to satisfy reference by file (symbol)

app/libapp.a(main.c.obj)      (--whole-archive)
zephyr/libzephyr.a(validate_libc.c.obj)
                              (--whole-archive)
zephyr/libzephyr.a(heap.c.obj)
                              (--whole-archive)
zephyr/libzephyr.a(boot_banner.c.obj)
                              (--whole-archive)
zephyr/libzephyr.a(cbprintf_packaged.c.obj)
                              (--whole-archive)
zephyr/libzephyr.a(clock.c.obj)
                              (--whole-archive)
zephyr/libzephyr.a(printk.c.obj)
                              (--whole-archive)
zephyr/libzephyr.a(cbprintf_complete.c.obj)
                              (--whole-archive)
zephyr/libzephyr.a(assert.c.obj)
                              (--whole-archive)
zephyr/libzephyr.a(dec.c.obj)
                              (--whole-archive)
zephyr/libzephyr.a(hex.c.obj)
                              (--whole-archive)
zephyr/libzephyr.a(rb.c.obj)  (--whole-archive)
zephyr/libzephyr.a(set.c.obj)
                              (--whole-archive)
zephyr/libzephyr.a(timeutil.c.obj)
                              (--whole-archive)
zephyr/libzephyr.a(bitarray.c.obj)
                              (--whole-archive)
zephyr/libzephyr.a(bitmask.c.obj)
                              (--whole-archive)
zephyr/libzephyr.a(getopt.c.obj)
                              (--whole-archive)
zephyr/libzephyr.a(getopt_common.c.obj)
                              (--whole-archive)
zephyr/libzephyr.a(ring_buffer.c.obj)
                              (--whole-archive)
zephyr/libzephyr.a(last_section_id.c.obj)
                              (--whole-archive)
zephyr/libzephyr.a(configs.c.obj)
                              (--whole-archive)
zephyr/libzephyr.a(stm32cube_hal.c.obj)
                              (--whole-archive)
zephyr/libzephyr.a(soc_config.c.obj)
                              (--whole-archive)
zephyr/libzephyr.a(gpioport_mgr.c.obj)
                              (--whole-archive)
zephyr/libzephyr.a(stm32_backup_domain.c.obj)
                              (--whole-archive)
zephyr/libzephyr.a(soc.c.obj)
                              (--whole-archive)
zephyr/libzephyr.a(mem_attr.c.obj)
                              (--whole-archive)
zephyr/libzephyr.a(tracing_none.c.obj)
                              (--whole-archive)
zephyr/libzephyr.a(sem.c.obj)
                              (--whole-archive)
zephyr/libzephyr.a(thread_entry.c.obj)
                              (--whole-archive)
zephyr/arch/common/libarch__common.a(sw_isr_common.c.obj)
                              (--whole-archive)
zephyr/arch/common/libarch__common.a(init.c.obj)
                              (--whole-archive)
zephyr/arch/common/libarch__common.a(xip.c.obj)
                              (--whole-archive)
zephyr/arch/arch/arm/core/libarch__arm__core.a(fatal.c.obj)
                              (--whole-archive)
zephyr/arch/arch/arm/core/libarch__arm__core.a(nmi.c.obj)
                              (--whole-archive)
zephyr/arch/arch/arm/core/libarch__arm__core.a(nmi_on_reset.S.obj)
                              (--whole-archive)
zephyr/arch/arch/arm/core/libarch__arm__core.a(tls.c.obj)
                              (--whole-archive)
zephyr/arch/arch/arm/core/cortex_m/libarch__arm__core__cortex_m.a(fault.c.obj)
                              (--whole-archive)
zephyr/arch/arch/arm/core/cortex_m/libarch__arm__core__cortex_m.a(fault_s.S.obj)
                              (--whole-archive)
zephyr/arch/arch/arm/core/cortex_m/libarch__arm__core__cortex_m.a(fpu.c.obj)
                              (--whole-archive)
zephyr/arch/arch/arm/core/cortex_m/libarch__arm__core__cortex_m.a(reset.S.obj)
                              (--whole-archive)
zephyr/arch/arch/arm/core/cortex_m/libarch__arm__core__cortex_m.a(scb.c.obj)
                              (--whole-archive)
zephyr/arch/arch/arm/core/cortex_m/libarch__arm__core__cortex_m.a(vector_table.S.obj)
                              (--whole-archive)
zephyr/arch/arch/arm/core/cortex_m/libarch__arm__core__cortex_m.a(svc.S.obj)
                              (--whole-archive)
zephyr/arch/arch/arm/core/cortex_m/libarch__arm__core__cortex_m.a(irq_manage.c.obj)
                              (--whole-archive)
zephyr/arch/arch/arm/core/cortex_m/libarch__arm__core__cortex_m.a(prep_c.c.obj)
                              (--whole-archive)
zephyr/arch/arch/arm/core/cortex_m/libarch__arm__core__cortex_m.a(thread.c.obj)
                              (--whole-archive)
zephyr/arch/arch/arm/core/cortex_m/libarch__arm__core__cortex_m.a(cpu_idle.c.obj)
                              (--whole-archive)
zephyr/arch/arch/arm/core/cortex_m/libarch__arm__core__cortex_m.a(exc_exit.c.obj)
                              (--whole-archive)
zephyr/arch/arch/arm/core/cortex_m/libarch__arm__core__cortex_m.a(thread_abort.c.obj)
                              (--whole-archive)
[...]
Memory Configuration

Name             Origin             Length             Attributes
FLASH            0x08000000         0x00080000         xr
RAM              0x20000000         0x00020000         xw
SRAM0            0x20000000         0x00020000         rw
IDT_LIST         0xffff7fff         0x00008000         xw
*default*        0x00000000         0xffffffff

Linker script and memory map

                0x08002804                        vfprintf = __l_vfprintf
                0x00000000                        vfscanf = __l_vfscanf
LOAD zephyr/CMakeFiles/zephyr_final.dir/misc/empty_file.c.obj
LOAD zephyr/CMakeFiles/zephyr_final.dir/isr_tables.c.obj
LOAD zephyr/CMakeFiles/offsets.dir/./arch/arm/core/offsets/offsets.c.obj
LOAD app/libapp.a
LOAD zephyr/libzephyr.a
LOAD zephyr/arch/common/libarch__common.a
LOAD zephyr/arch/arch/arm/core/libarch__arm__core.a
LOAD zephyr/arch/arch/arm/core/cortex_m/libarch__arm__core__cortex_m.a
LOAD zephyr/arch/arch/arm/core/mpu/libarch__arm__core__mpu.a
LOAD zephyr/lib/libc/picolibc/liblib__libc__picolibc.a
LOAD zephyr/lib/libc/common/liblib__libc__common.a
LOAD zephyr/subsys/portability/posix/c_lib_ext/libsubsys__portability__posix__c_lib_ext.a
LOAD zephyr/drivers/interrupt_controller/libdrivers__interrupt_controller.a
LOAD zephyr/drivers/clock_control/libdrivers__clock_control.a
LOAD zephyr/drivers/console/libdrivers__console.a
LOAD zephyr/drivers/gpio/libdrivers__gpio.a
LOAD zephyr/drivers/pinctrl/libdrivers__pinctrl.a
LOAD zephyr/drivers/reset/libdrivers__reset.a
LOAD zephyr/drivers/serial/libdrivers__serial.a
LOAD zephyr/drivers/timer/libdrivers__timer.a
LOAD modules/hal_stm32/stm32cube/lib..__modules__hal__stm32__stm32cube.a
LOAD zephyr/kernel/libkernel.a
LOAD zephyr/arch/common/libisr_tables.a
LOAD C:/Users/fyaih/zephyr-sdk-1.0.1/gnu/arm-zephyr-eabi/bin/../lib/gcc/arm-zephyr-eabi/14.3.0/../../../../arm-zephyr-eabi/lib/thumb/v7e-m/nofp/space\libc.a
LOAD C:/Users/fyaih/zephyr-sdk-1.0.1/gnu/arm-zephyr-eabi/bin/../lib/gcc/arm-zephyr-eabi/14.3.0/thumb/v7e-m/nofp/space\libgcc.a
                0x00000020                        _region_min_align = 0x20

.rel.plt        0x08000000        0x0
 *(SORT_BY_ALIGNMENT(.rel.plt))
                [!provide]                        PROVIDE (__rel_iplt_start = .)
 *(SORT_BY_ALIGNMENT(.rel.iplt))
 .rel.iplt      0x08000000        0x0 zephyr/CMakeFiles/zephyr_final.dir/isr_tables.c.obj
                [!provide]                        PROVIDE (__rel_iplt_end = .)

.rela.plt       0x00000000        0x0
 *(SORT_BY_ALIGNMENT(.rela.plt))
                [!provide]                        PROVIDE (__rela_iplt_start = .)
 *(SORT_BY_ALIGNMENT(.rela.iplt))
                [!provide]                        PROVIDE (__rela_iplt_end = .)

.rel.dyn
 *(SORT_BY_ALIGNMENT(.rel.*))

.rela.dyn
 *(SORT_BY_ALIGNMENT(.rela.*))

/DISCARD/
 *(SORT_BY_ALIGNMENT(.plt))

/DISCARD/
 *(SORT_BY_ALIGNMENT(.iplt))
                0x08000000                        __rom_region_start = 0x8000000

rom_start       0x08000000      0x150
                0x08000000                        __rom_start_address = .
 FILL mask 0x00
                0x08000000                        . = (. + (0x0 - (. - __rom_start_address)))
                0x08000000                        . = ALIGN (0x4)
                0x08000000                        . = ALIGN (0x80)
                0x08000000                        . = ALIGN (0x200)
                0x08000000                        _vector_start = .
 *(SORT_BY_ALIGNMENT(.exc_vector_table))
 *(SORT_BY_ALIGNMENT(.exc_vector_table.*))
 .exc_vector_table._vector_table_section
                0x08000000       0x40 zephyr/arch/arch/arm/core/cortex_m/libarch__arm__core__cortex_m.a(vector_table.S.obj)
                0x08000000                _vector_table
 *(SORT_BY_ALIGNMENT(.vectors))
                0x08000150                        _vector_end = .
                0x08000040                        . = ALIGN (0x4)
 *(SORT_BY_ALIGNMENT(.gnu.linkonce.irq_vector_table*))
 .gnu.linkonce.irq_vector_table
                0x08000040      0x110 zephyr/CMakeFiles/zephyr_final.dir/isr_tables.c.obj
                0x08000040                _irq_vector_table
                0x08000150                        _vector_end = .

text            0x08000150     0x3880
                0x08000150                        __text_region_start = .
 *(SORT_BY_ALIGNMENT(.text))
 .text          0x08000150       0x30 C:/Users/fyaih/zephyr-sdk-1.0.1/gnu/arm-zephyr-eabi/bin/../lib/gcc/arm-zephyr-eabi/14.3.0/thumb/v7e-m/nofp/space\libgcc.a(_aeabi_uldivmod.o)
                0x08000150                __aeabi_uldivmod
 .text          0x08000180        0x4 C:/Users/fyaih/zephyr-sdk-1.0.1/gnu/arm-zephyr-eabi/bin/../lib/gcc/arm-zephyr-eabi/14.3.0/thumb/v7e-m/nofp/space\libgcc.a(_dvmd_tls.o)
                0x08000180                __aeabi_idiv0
                0x08000180                __aeabi_ldiv0
 .text          0x08000184      0x2bc C:/Users/fyaih/zephyr-sdk-1.0.1/gnu/arm-zephyr-eabi/bin/../lib/gcc/arm-zephyr-eabi/14.3.0/thumb/v7e-m/nofp/space\libgcc.a(_udivmoddi4.o)
                0x08000184                __udivmoddi4
 *(SORT_BY_ALIGNMENT(.text.*))
 .text.main     0x08000440       0x70 app/libapp.a(main.c.obj)
                0x08000440                main
 .text.boot_banner
                0x080004b0       0x10 zephyr/libzephyr.a(boot_banner.c.obj)
 .text.char_out
                0x080004c0        0xc zephyr/libzephyr.a(printk.c.obj)
 .text.__printk_hook_install
                0x080004cc        0xc zephyr/libzephyr.a(printk.c.obj)
                0x080004cc                __printk_hook_install
 .text.vprintk  0x080004d8       0x30 zephyr/libzephyr.a(printk.c.obj)
                0x080004d8                vprintk
 .text.st_stm32_common_config
                0x08000508       0x14 zephyr/libzephyr.a(soc_config.c.obj)
 .text.stm32_gpioport_init
                0x0800051c       0x20 zephyr/libzephyr.a(gpioport_mgr.c.obj)
 .text.stm32_gpioport_get
                0x0800053c       0x24 zephyr/libzephyr.a(gpioport_mgr.c.obj)
                0x0800053c                stm32_gpioport_get
 .text.soc_early_init_hook
                0x08000560       0x30 zephyr/libzephyr.a(soc.c.obj)
                0x08000560                soc_early_init_hook
 .text.mem_attr_get_regions
                0x08000590        0xc zephyr/libzephyr.a(mem_attr.c.obj)
                0x08000590                mem_attr_get_regions
 .text.z_thread_entry
                0x0800059c       0x34 zephyr/libzephyr.a(thread_entry.c.obj)
                0x0800059c                z_thread_entry
 .text.arch_bss_zero
                0x080005d0       0x18 zephyr/arch/common/libarch__common.a(init.c.obj)
                0x080005d0                arch_bss_zero
 .text.arch_data_copy
                0x080005e8       0x38 zephyr/arch/common/libarch__common.a(xip.c.obj)
                0x080005e8                arch_data_copy
 .text.z_arm_fatal_error
                0x08000620       0x60 zephyr/arch/arch/arm/core/libarch__arm__core.a(fatal.c.obj)
                0x08000620                z_arm_fatal_error
 .text.z_SysNmiOnReset
                0x08000680        0x8 zephyr/arch/arch/arm/core/libarch__arm__core.a(nmi_on_reset.S.obj)
                0x08000680                z_SysNmiOnReset
 .text.arch_tls_stack_setup
                0x08000688       0x40 zephyr/arch/arch/arm/core/libarch__arm__core.a(tls.c.obj)
                0x08000688                arch_tls_stack_setup
 .text.mem_manage_fault
                0x080006c8       0xf0 zephyr/arch/arch/arm/core/cortex_m/libarch__arm__core__cortex_m.a(fault.c.obj)
 .text.usage_fault.isra.0
                0x080007b8       0x98 zephyr/arch/arch/arm/core/cortex_m/libarch__arm__core__cortex_m.a(fault.c.obj)
 .text.bus_fault.isra.0
                0x08000850       0xb8 zephyr/arch/arch/arm/core/cortex_m/libarch__arm__core__cortex_m.a(fault.c.obj)
 .text.z_arm_fault
                0x08000908      0x1a8 zephyr/arch/arch/arm/core/cortex_m/libarch__arm__core__cortex_m.a(fault.c.obj)
                0x08000908                z_arm_fault
 .text.z_arm_fault_init
                0x08000ab0       0x18 zephyr/arch/arch/arm/core/cortex_m/libarch__arm__core__cortex_m.a(fault.c.obj)
                0x08000ab0                z_arm_fault_init
 .text.__fault  0x08000ac8       0x14 zephyr/arch/arch/arm/core/cortex_m/libarch__arm__core__cortex_m.a(fault_s.S.obj)
                0x08000ac8                z_arm_usage_fault
                0x08000ac8                z_arm_mpu_fault
                0x08000ac8                z_arm_exc_spurious
                0x08000ac8                z_arm_debug_monitor
                0x08000ac8                z_arm_hard_fault
                0x08000ac8                z_arm_bus_fault
 .text._reset_section
                0x08000adc       0x34 zephyr/arch/arch/arm/core/cortex_m/libarch__arm__core__cortex_m.a(reset.S.obj)
                0x08000adc                __start
                0x08000adc                z_arm_reset
 .text.z_arm_svc
                0x08000b10       0x24 zephyr/arch/arch/arm/core/cortex_m/libarch__arm__core__cortex_m.a(svc.S.obj)
                0x08000b10                z_arm_svc
 .text.arm_irq_enable
                0x08000b34       0x1c zephyr/arch/arch/arm/core/cortex_m/libarch__arm__core__cortex_m.a(irq_manage.c.obj)
                0x08000b34                arm_irq_enable
 .text.arm_irq_priority_set
                0x08000b50       0x30 zephyr/arch/arch/arm/core/cortex_m/libarch__arm__core__cortex_m.a(irq_manage.c.obj)
                0x08000b50                arm_irq_priority_set
 .text.relocate_vector_table
                0x08000b80       0x1c zephyr/arch/arch/arm/core/cortex_m/libarch__arm__core__cortex_m.a(prep_c.c.obj)
                0x08000b80                relocate_vector_table
 .text.z_prep_c
                0x08000b9c       0x38 zephyr/arch/arch/arm/core/cortex_m/libarch__arm__core__cortex_m.a(prep_c.c.obj)
                0x08000b9c                z_prep_c
 .text.arch_new_thread
                0x08000bd4       0x38 zephyr/arch/arch/arm/core/cortex_m/libarch__arm__core__cortex_m.a(thread.c.obj)
                0x08000bd4                arch_new_thread
 .text.z_check_thread_stack_fail
                0x08000c0c       0x2c zephyr/arch/arch/arm/core/cortex_m/libarch__arm__core__cortex_m.a(thread.c.obj)
                0x08000c0c                z_check_thread_stack_fail
 .text.arch_switch_to_main_thread
                0x08000c38       0x3c zephyr/arch/arch/arm/core/cortex_m/libarch__arm__core__cortex_m.a(thread.c.obj)
                0x08000c38                arch_switch_to_main_thread
 .text.z_arm_cpu_idle_init
                0x08000c74        0xc zephyr/arch/arch/arm/core/cortex_m/libarch__arm__core__cortex_m.a(cpu_idle.c.obj)
                0x08000c74                z_arm_cpu_idle_init
 .text._HandlerModeExit
                0x08000c80       0x20 zephyr/arch/arch/arm/core/cortex_m/libarch__arm__core__cortex_m.a(exc_exit.c.obj)
                0x08000c80                z_arm_int_exit
                0x08000c80                z_arm_exc_exit
 .text.z_impl_k_thread_abort
                0x08000ca0       0x2c zephyr/arch/arch/arm/core/cortex_m/libarch__arm__core__cortex_m.a(thread_abort.c.obj)
                0x08000ca0                z_impl_k_thread_abort
 .text.z_arm_pendsv
                0x08000ccc       0x60 zephyr/arch/arch/arm/core/cortex_m/libarch__arm__core__cortex_m.a(swap_helper.S.obj)
                0x08000ccc                z_arm_pendsv
 .text.z_arm_interrupt_init
                0x08000d2c       0x18 zephyr/arch/arch/arm/core/cortex_m/libarch__arm__core__cortex_m.a(irq_init.c.obj)
                0x08000d2c                z_arm_interrupt_init
 .text._isr_wrapper
                0x08000d44       0x24 zephyr/arch/arch/arm/core/cortex_m/libarch__arm__core__cortex_m.a(isr_wrapper.c.obj)
                0x08000d44                _isr_wrapper
 .text.__aeabi_read_tp
                0x08000d68        0xc zephyr/arch/arch/arm/core/cortex_m/libarch__arm__core__cortex_m.a(__aeabi_read_tp.S.obj)
                0x08000d68                __aeabi_read_tp
 .text.z_arm_configure_static_mpu_regions
                0x08000d74       0x18 zephyr/arch/arch/arm/core/mpu/libarch__arm__core__mpu.a(arm_core_mpu.c.obj)
                0x08000d74                z_arm_configure_static_mpu_regions
 .text.z_arm_configure_dynamic_mpu_regions
                0x08000d8c       0x20 zephyr/arch/arch/arm/core/mpu/libarch__arm__core__mpu.a(arm_core_mpu.c.obj)
                0x08000d8c                z_arm_configure_dynamic_mpu_regions
 .text.region_init
                0x08000dac       0x28 zephyr/arch/arch/arm/core/mpu/libarch__arm__core__mpu.a(arm_mpu.c.obj)
 .text.mpu_configure_regions
                0x08000dd4       0x6c zephyr/arch/arch/arm/core/mpu/libarch__arm__core__mpu.a(arm_mpu.c.obj)
 .text.arm_core_mpu_enable
                0x08000e40       0x18 zephyr/arch/arch/arm/core/mpu/libarch__arm__core__mpu.a(arm_mpu.c.obj)
                0x08000e40                arm_core_mpu_enable
 .text.arm_core_mpu_disable
                0x08000e58       0x14 zephyr/arch/arch/arm/core/mpu/libarch__arm__core__mpu.a(arm_mpu.c.obj)
                0x08000e58                arm_core_mpu_disable
 .text.arm_core_mpu_configure_static_mpu_regions
                0x08000e6c       0x14 zephyr/arch/arch/arm/core/mpu/libarch__arm__core__mpu.a(arm_mpu.c.obj)
                0x08000e6c                arm_core_mpu_configure_static_mpu_regions
 .text.arm_core_mpu_configure_dynamic_mpu_regions
                0x08000e80       0x38 zephyr/arch/arch/arm/core/mpu/libarch__arm__core__mpu.a(arm_mpu.c.obj)
                0x08000e80                arm_core_mpu_configure_dynamic_mpu_regions
 .text.z_arm_mpu_init
                0x08000eb8      0x184 zephyr/arch/arch/arm/core/mpu/libarch__arm__core__mpu.a(arm_mpu.c.obj)
                0x08000eb8                z_arm_mpu_init
 .text.z_impl_zephyr_fputc
                0x0800103c       0x10 zephyr/lib/libc/picolibc/liblib__libc__picolibc.a(stdio.c.obj)
                0x0800103c                z_impl_zephyr_fputc
 .text.__stdout_hook_install
                0x0800104c       0x18 zephyr/lib/libc/picolibc/liblib__libc__picolibc.a(stdio.c.obj)
                0x0800104c                __stdout_hook_install
 .text.malloc_prepare
                0x08001064       0x24 zephyr/lib/libc/common/liblib__libc__common.a(malloc.c.obj)
 .text.stm32_exti_init
                0x08001088       0x2c zephyr/drivers/interrupt_controller/libdrivers__interrupt_controller.a(intc_exti_stm32.c.obj)
 .text.stm32_exti_is_pending
                0x080010b4       0x20 zephyr/drivers/interrupt_controller/libdrivers__interrupt_controller.a(intc_exti_stm32.c.obj)
                0x080010b4                stm32_exti_is_pending
 .text.stm32_exti_clear_pending
                0x080010d4       0x20 zephyr/drivers/interrupt_controller/libdrivers__interrupt_controller.a(intc_exti_stm32.c.obj)
                0x080010d4                stm32_exti_clear_pending
 .text.stm32_fill_irq_table
                0x080010f4       0x18 zephyr/drivers/interrupt_controller/libdrivers__interrupt_controller.a(intc_gpio_stm32.c.obj)
 .text.stm32_intc_gpio_isr
                0x0800110c       0x4c zephyr/drivers/interrupt_controller/libdrivers__interrupt_controller.a(intc_gpio_stm32.c.obj)
 .text.stm32_gpio_intc_enable_line
                0x08001158       0x2c zephyr/drivers/interrupt_controller/libdrivers__interrupt_controller.a(intc_gpio_stm32.c.obj)
                0x08001158                stm32_gpio_intc_enable_line
 .text.stm32_gpio_intc_disable_line
                0x08001184       0x10 zephyr/drivers/interrupt_controller/libdrivers__interrupt_controller.a(intc_gpio_stm32.c.obj)
                0x08001184                stm32_gpio_intc_disable_line
 .text.stm32_gpio_intc_select_line_trigger
                0x08001194       0x50 zephyr/drivers/interrupt_controller/libdrivers__interrupt_controller.a(intc_gpio_stm32.c.obj)
                0x08001194                stm32_gpio_intc_select_line_trigger
 .text.stm32_gpio_intc_set_irq_callback
                0x080011e4       0x40 zephyr/drivers/interrupt_controller/libdrivers__interrupt_controller.a(intc_gpio_stm32.c.obj)
                0x080011e4                stm32_gpio_intc_set_irq_callback
 .text.stm32_gpio_intc_remove_irq_callback
                0x08001224       0x24 zephyr/drivers/interrupt_controller/libdrivers__interrupt_controller.a(intc_gpio_stm32.c.obj)
                0x08001224                stm32_gpio_intc_remove_irq_callback
 .text.stm32_exti_get_line_src_port
                0x08001248       0x30 zephyr/drivers/interrupt_controller/libdrivers__interrupt_controller.a(intc_gpio_stm32.c.obj)
                0x08001248                stm32_exti_get_line_src_port
 .text.stm32_clock_control_get_subsys_rate
                0x08001278      0x100 zephyr/drivers/clock_control/libdrivers__clock_control.a(clock_stm32_ll_common.c.obj)
 .text.enabled_clock
                0x08001378       0x20 zephyr/drivers/clock_control/libdrivers__clock_control.a(clock_stm32_ll_common.c.obj)
                0x08001378                enabled_clock
 .text.stm32_clock_control_init
                0x08001398      0x13c zephyr/drivers/clock_control/libdrivers__clock_control.a(clock_stm32_ll_common.c.obj)
                0x08001398                stm32_clock_control_init
 .text.get_pllsrc_frequency
                0x080014d4        0x8 zephyr/drivers/clock_control/libdrivers__clock_control.a(clock_stm32f2_f4_f7.c.obj)
                0x080014d4                get_pllsrc_frequency
 .text.config_pll_sysclock
                0x080014dc       0x38 zephyr/drivers/clock_control/libdrivers__clock_control.a(clock_stm32f2_f4_f7.c.obj)
                0x080014dc                config_pll_sysclock
 .text.config_enable_default_clocks
                0x08001514       0x20 zephyr/drivers/clock_control/libdrivers__clock_control.a(clock_stm32f2_f4_f7.c.obj)
                0x08001514                config_enable_default_clocks
 .text.uart_console_init
                0x08001534       0x28 zephyr/drivers/console/libdrivers__console.a(uart_console.c.obj)
 .text.console_out
                0x0800155c       0x28 zephyr/drivers/console/libdrivers__console.a(uart_console.c.obj)
 .text.gpio_stm32_pin_interrupt_configure
                0x08001584       0xac zephyr/drivers/gpio/libdrivers__gpio.a(gpio_stm32.c.obj)
 .text.uart_stm32_irq_err_enable
                0x08001630       0x58 zephyr/drivers/serial/libdrivers__serial.a(uart_stm32.c.obj)
 .text.uart_stm32_irq_err_disable
                0x08001688       0x58 zephyr/drivers/serial/libdrivers__serial.a(uart_stm32.c.obj)
 .text.uart_stm32_parameters_set
                0x080016e0      0x104 zephyr/drivers/serial/libdrivers__serial.a(uart_stm32.c.obj)
 .text.uart_stm32_configure
                0x080017e4       0xdc zephyr/drivers/serial/libdrivers__serial.a(uart_stm32.c.obj)
 .text.elapsed  0x080018c0       0x44 zephyr/drivers/timer/libdrivers__timer.a(cortex_m_systick.c.obj)
 .text.sys_clock_driver_init
                0x08001904       0x34 zephyr/drivers/timer/libdrivers__timer.a(cortex_m_systick.c.obj)
 .text.sys_clock_isr
                0x08001938       0x70 zephyr/drivers/timer/libdrivers__timer.a(cortex_m_systick.c.obj)
                0x08001938                sys_clock_isr
 .text.sys_clock_set_timeout
                0x080019a8       0xc8 zephyr/drivers/timer/libdrivers__timer.a(cortex_m_systick.c.obj)
                0x080019a8                sys_clock_set_timeout
 .text.sys_clock_elapsed
                0x08001a70       0x2c zephyr/drivers/timer/libdrivers__timer.a(cortex_m_systick.c.obj)
                0x08001a70                sys_clock_elapsed
 .text.HAL_RCC_GetSysClockFreq
                0x08001a9c       0x5c modules/hal_stm32/stm32cube/lib..__modules__hal__stm32__stm32cube.a(stm32f4xx_hal_rcc.c.obj)
                0x08001a9c                HAL_RCC_GetSysClockFreq
 .text.LL_SetFlashLatency
                0x08001af8       0xc4 modules/hal_stm32/stm32cube/lib..__modules__hal__stm32__stm32cube.a(stm32f4xx_ll_utils.c.obj)
                0x08001af8                LL_SetFlashLatency
 .text.z_fatal_error
                0x08001bbc       0x30 zephyr/kernel/libkernel.a(fatal.c.obj)
                0x08001bbc                z_fatal_error
 .text.z_sys_init_run_level
                0x08001bec       0x30 zephyr/kernel/libkernel.a(init.c.obj)
 .text.bg_thread_main
                0x08001c1c       0xd4 zephyr/kernel/libkernel.a(init.c.obj)
 .text.z_init_cpu
                0x08001cf0       0x70 zephyr/kernel/libkernel.a(init.c.obj)
                0x08001cf0                z_init_cpu
 .text.z_cstart
                0x08001d60       0xe4 zephyr/kernel/libkernel.a(init.c.obj)
                0x08001d60                z_cstart
 .text.z_setup_new_thread
                0x08001e44       0xa0 zephyr/kernel/libkernel.a(thread.c.obj)
                0x08001e44                z_setup_new_thread
 .text.z_dummy_thread_init
                0x08001ee4       0x18 zephyr/kernel/libkernel.a(thread.c.obj)
                0x08001ee4                z_dummy_thread_init
 .text.z_impl_k_wakeup
                0x08001efc       0x48 zephyr/kernel/libkernel.a(thread.c.obj)
                0x08001efc                z_impl_k_wakeup
 .text.z_swap_irqlock
                0x08001f44       0x30 zephyr/kernel/libkernel.a(sched.c.obj)
 .text.unready_thread
                0x08001f74       0x54 zephyr/kernel/libkernel.a(sched.c.obj)
 .text.ready_thread
                0x08001fc8       0x80 zephyr/kernel/libkernel.a(sched.c.obj)
 .text.reschedule.isra.0
                0x08002048       0x28 zephyr/kernel/libkernel.a(sched.c.obj)
 .text.move_current_to_end_of_prio_q
                0x08002070       0x6c zephyr/kernel/libkernel.a(sched.c.obj)
                0x08002070                move_current_to_end_of_prio_q
 .text.z_thread_halt
                0x080020dc      0x13c zephyr/kernel/libkernel.a(sched.c.obj)
                0x080020dc                z_thread_halt
 .text.z_sched_lock_reschedule
                0x08002218       0x44 zephyr/kernel/libkernel.a(sched.c.obj)
                0x08002218                z_sched_lock_reschedule
 .text.z_sched_yield
                0x0800225c       0x84 zephyr/kernel/libkernel.a(sched.c.obj)
                0x0800225c                z_sched_yield
 .text.z_tick_sleep
                0x080022e0       0x80 zephyr/kernel/libkernel.a(sleep.c.obj)
 .text.z_sched_init
                0x08002360       0x10 zephyr/kernel/libkernel.a(scheduler.c.obj)
                0x08002360                z_sched_init
 .text.k_sched_lock
                0x08002370       0x28 zephyr/kernel/libkernel.a(scheduler.c.obj)
                0x08002370                k_sched_lock
 .text.k_sched_unlock
                0x08002398       0x20 zephyr/kernel/libkernel.a(scheduler.c.obj)
                0x08002398                k_sched_unlock
 .text.z_impl_k_sched_current_thread_query
                0x080023b8        0xc zephyr/kernel/libkernel.a(scheduler.c.obj)
                0x080023b8                z_impl_k_sched_current_thread_query
 .text.z_time_slice_size
                0x080023c4       0x40 zephyr/kernel/libkernel.a(timeslicing.c.obj)
 .text.slice_timeout
                0x08002404       0x20 zephyr/kernel/libkernel.a(timeslicing.c.obj)
 .text.slice_reset
                0x08002424       0x40 zephyr/kernel/libkernel.a(timeslicing.c.obj)
 .text.z_time_slice
                0x08002464       0x68 zephyr/kernel/libkernel.a(timeslicing.c.obj)
                0x08002464                z_time_slice
 .text.first    0x080024cc       0x10 zephyr/kernel/libkernel.a(timeout.c.obj)
 .text.next_timeout
                0x080024dc       0x38 zephyr/kernel/libkernel.a(timeout.c.obj)
 .text.elapsed  0x08002514       0x10 zephyr/kernel/libkernel.a(timeout.c.obj)
 .text.z_add_timeout
                0x08002524      0x130 zephyr/kernel/libkernel.a(timeout.c.obj)
                0x08002524                z_add_timeout
 .text.z_try_abort_timeout
                0x08002654       0x84 zephyr/kernel/libkernel.a(timeout.c.obj)
                0x08002654                z_try_abort_timeout
 .text.z_timeout_inflight_superseded
                0x080026d8       0x2c zephyr/kernel/libkernel.a(timeout.c.obj)
                0x080026d8                z_timeout_inflight_superseded
 .text.sys_clock_announce_locked
                0x08002704       0xd0 zephyr/kernel/libkernel.a(timeout.c.obj)
                0x08002704                sys_clock_announce_locked
 .text.sys_clock_tick_get
                0x080027d4       0x30 zephyr/kernel/libkernel.a(timeout.c.obj)
                0x080027d4                sys_clock_tick_get
 .text.__l_vfprintf
                0x08002804      0x488 C:/Users/fyaih/zephyr-sdk-1.0.1/gnu/arm-zephyr-eabi/bin/../lib/gcc/arm-zephyr-eabi/14.3.0/../../../../arm-zephyr-eabi/lib/thumb/v7e-m/nofp/space\libc.a(libc_tinystdio_vflprintf.c.o)
                0x08002804                __l_vfprintf
 .text._OffsetAbsSyms
                0x08002c8c        0x2 zephyr/CMakeFiles/offsets.dir/./arch/arm/core/offsets/offsets.c.obj
                0x08002c8c                _OffsetAbsSyms
 .text.z_impl_gpio_pin_set.isra.0
                0x08002c8e       0x1e app/libapp.a(main.c.obj)
 .text.chunk_size
                0x08002cac        0xa zephyr/libzephyr.a(heap.c.obj)
 .text.free_list_add
                0x08002cb6       0x4e zephyr/libzephyr.a(heap.c.obj)
 .text.sys_heap_init
                0x08002d04       0x82 zephyr/libzephyr.a(heap.c.obj)
                0x08002d04                sys_heap_init
 .text.arch_printk_char_out
                0x08002d86        0x4 zephyr/libzephyr.a(printk.c.obj)
                0x08002d86                arch_printk_char_out
 .text.printk   0x08002d8a       0x1a zephyr/libzephyr.a(printk.c.obj)
                0x08002d8a                printk
 .text._ConfigAbsSyms
                0x08002da4        0x2 zephyr/libzephyr.a(configs.c.obj)
                0x08002da4                _ConfigAbsSyms
 .text.stm32_gpioport_configure_pin
                0x08002da6      0x12a zephyr/libzephyr.a(gpioport_mgr.c.obj)
                0x08002da6                stm32_gpioport_configure_pin
 .text.arch_early_memset
                0x08002ed0        0x4 zephyr/arch/common/libarch__common.a(init.c.obj)
                0x08002ed0                arch_early_memset
 .text.arch_early_memcpy
                0x08002ed4        0x4 zephyr/arch/common/libarch__common.a(init.c.obj)
                0x08002ed4                arch_early_memcpy
 .text.z_do_kernel_oops
                0x08002ed8        0x8 zephyr/arch/arch/arm/core/libarch__arm__core.a(fatal.c.obj)
                0x08002ed8                z_do_kernel_oops
 .text.z_arm_nmi
                0x08002ee0        0xe zephyr/arch/arch/arm/core/libarch__arm__core.a(nmi.c.obj)
                0x08002ee0                z_arm_nmi
 .text.z_irq_spurious
                0x08002eee        0x8 zephyr/arch/arch/arm/core/cortex_m/libarch__arm__core__cortex_m.a(irq_manage.c.obj)
                0x08002eee                z_irq_spurious
 .text.arch_coprocessors_disable
                0x08002ef6        0x6 zephyr/arch/arch/arm/core/cortex_m/libarch__arm__core__cortex_m.a(thread.c.obj)
                0x08002ef6                arch_coprocessors_disable
 .text.arch_irq_unlock_outlined
                0x08002efc        0xe zephyr/arch/arch/arm/core/cortex_m/libarch__arm__core__cortex_m.a(thread.c.obj)
                0x08002efc                arch_irq_unlock_outlined
 .text.arch_cpu_idle
                0x08002f0a       0x1a zephyr/arch/arch/arm/core/cortex_m/libarch__arm__core__cortex_m.a(cpu_idle.c.obj)
                0x08002f0a                arch_cpu_idle
 .text.size_to_mpu_rasr_size
                0x08002f24       0x20 zephyr/arch/arch/arm/core/mpu/libarch__arm__core__mpu.a(arm_mpu.c.obj)
 .text.picolibc_put
                0x08002f44        0xa zephyr/lib/libc/picolibc/liblib__libc__picolibc.a(stdio.c.obj)
 .text.stm32_exti_gpio_intc_init
                0x08002f4e       0x92 zephyr/drivers/interrupt_controller/libdrivers__interrupt_controller.a(intc_gpio_stm32.c.obj)
 .text.stm32_gpio_intc_get_pin_irq_line
                0x08002fe0        0xa zephyr/drivers/interrupt_controller/libdrivers__interrupt_controller.a(intc_gpio_stm32.c.obj)
                0x08002fe0                stm32_gpio_intc_get_pin_irq_line
 .text.stm32_exti_set_line_src_port
                0x08002fea       0x36 zephyr/drivers/interrupt_controller/libdrivers__interrupt_controller.a(intc_gpio_stm32.c.obj)
                0x08002fea                stm32_exti_set_line_src_port
 .text.stm32_clock_control_on
                0x08003020       0x44 zephyr/drivers/clock_control/libdrivers__clock_control.a(clock_stm32_ll_common.c.obj)
 .text.stm32_clock_control_off
                0x08003064       0x2c zephyr/drivers/clock_control/libdrivers__clock_control.a(clock_stm32_ll_common.c.obj)
 .text.stm32_clock_control_configure
                0x08003090       0x46 zephyr/drivers/clock_control/libdrivers__clock_control.a(clock_stm32_ll_common.c.obj)
 .text.stm32_clock_control_get_status
                0x080030d6       0x38 zephyr/drivers/clock_control/libdrivers__clock_control.a(clock_stm32_ll_common.c.obj)
 .text.config_regulator_voltage
                0x0800310e        0x2 zephyr/drivers/clock_control/libdrivers__clock_control.a(clock_stm32_ll_common.c.obj)
                0x0800310e                config_regulator_voltage
 .text.gpio_stm32_port_get_raw
                0x08003110        0xc zephyr/drivers/gpio/libdrivers__gpio.a(gpio_stm32.c.obj)
 .text.gpio_stm32_port_set_masked_raw
                0x0800311c       0x12 zephyr/drivers/gpio/libdrivers__gpio.a(gpio_stm32.c.obj)
 .text.gpio_stm32_port_set_bits_raw
                0x0800312e        0xa zephyr/drivers/gpio/libdrivers__gpio.a(gpio_stm32.c.obj)
 .text.gpio_stm32_port_clear_bits_raw
                0x08003138        0xc zephyr/drivers/gpio/libdrivers__gpio.a(gpio_stm32.c.obj)
 .text.gpio_stm32_port_toggle_bits
                0x08003144        0xe zephyr/drivers/gpio/libdrivers__gpio.a(gpio_stm32.c.obj)
 .text.gpio_stm32_manage_callback
                0x08003152       0x54 zephyr/drivers/gpio/libdrivers__gpio.a(gpio_stm32.c.obj)
 .text.gpio_stm32_config
                0x080031a6       0x96 zephyr/drivers/gpio/libdrivers__gpio.a(gpio_stm32.c.obj)
 .text.gpio_stm32_isr
                0x0800323c       0x2c zephyr/drivers/gpio/libdrivers__gpio.a(gpio_stm32.c.obj)
 .text.pinctrl_lookup_state
                0x08003268       0x26 zephyr/drivers/pinctrl/libdrivers__pinctrl.a(common.c.obj)
                0x08003268                pinctrl_lookup_state
 .text.pinctrl_configure_pins
                0x0800328e       0x38 zephyr/drivers/pinctrl/libdrivers__pinctrl.a(pinctrl_stm32.c.obj)
                0x0800328e                pinctrl_configure_pins
 .text.reset_stm32_status
                0x080032c6       0x20 zephyr/drivers/reset/libdrivers__reset.a(reset_stm32.c.obj)
 .text.reset_stm32_line_assert
                0x080032e6       0x1c zephyr/drivers/reset/libdrivers__reset.a(reset_stm32.c.obj)
 .text.reset_stm32_line_deassert
                0x08003302       0x1e zephyr/drivers/reset/libdrivers__reset.a(reset_stm32.c.obj)
 .text.reset_stm32_line_toggle
                0x08003320       0x16 zephyr/drivers/reset/libdrivers__reset.a(reset_stm32.c.obj)
 .text.LL_USART_ClearFlag_PE
                0x08003336       0x12 zephyr/drivers/serial/libdrivers__serial.a(uart_stm32.c.obj)
 .text.uart_stm32_err_check
                0x08003348       0x5e zephyr/drivers/serial/libdrivers__serial.a(uart_stm32.c.obj)
 .text.uart_stm32_irq_tx_enable
                0x080033a6       0x1e zephyr/drivers/serial/libdrivers__serial.a(uart_stm32.c.obj)
 .text.uart_stm32_irq_tx_disable
                0x080033c4       0x1e zephyr/drivers/serial/libdrivers__serial.a(uart_stm32.c.obj)
 .text.uart_stm32_irq_tx_ready
                0x080033e2       0x14 zephyr/drivers/serial/libdrivers__serial.a(uart_stm32.c.obj)
 .text.uart_stm32_irq_tx_complete
                0x080033f6        0xc zephyr/drivers/serial/libdrivers__serial.a(uart_stm32.c.obj)
 .text.uart_stm32_irq_rx_enable
                0x08003402       0x1e zephyr/drivers/serial/libdrivers__serial.a(uart_stm32.c.obj)
 .text.uart_stm32_irq_rx_disable
                0x08003420       0x1e zephyr/drivers/serial/libdrivers__serial.a(uart_stm32.c.obj)
 .text.uart_stm32_irq_rx_ready
                0x0800343e        0xc zephyr/drivers/serial/libdrivers__serial.a(uart_stm32.c.obj)
 .text.uart_stm32_irq_is_pending
                0x0800344a       0x24 zephyr/drivers/serial/libdrivers__serial.a(uart_stm32.c.obj)
 .text.uart_stm32_irq_callback_set
                0x0800346e        0x8 zephyr/drivers/serial/libdrivers__serial.a(uart_stm32.c.obj)
 .text.uart_stm32_isr
                0x08003476        0xc zephyr/drivers/serial/libdrivers__serial.a(uart_stm32.c.obj)
 .text.uart_stm32_irq_config_func_0
                0x08003482       0x16 zephyr/drivers/serial/libdrivers__serial.a(uart_stm32.c.obj)
 .text.uart_stm32_set_baudrate.isra.0
                0x08003498       0x64 zephyr/drivers/serial/libdrivers__serial.a(uart_stm32.c.obj)
 .text.uart_stm32_poll_in
                0x080034fc       0x22 zephyr/drivers/serial/libdrivers__serial.a(uart_stm32.c.obj)
 .text.uart_stm32_poll_out
                0x0800351e       0x36 zephyr/drivers/serial/libdrivers__serial.a(uart_stm32.c.obj)
 .text.uart_stm32_init
                0x08003554       0xbc zephyr/drivers/serial/libdrivers__serial.a(uart_stm32.c.obj)
 .text.uart_stm32_fifo_read
                0x08003610       0x42 zephyr/drivers/serial/libdrivers__serial.a(uart_stm32.c.obj)
 .text.uart_stm32_fifo_fill
                0x08003652       0x50 zephyr/drivers/serial/libdrivers__serial.a(uart_stm32.c.obj)
 .text.uart_stm32_config_get
                0x080036a2       0x8e zephyr/drivers/serial/libdrivers__serial.a(uart_stm32.c.obj)
 .text.sys_clock_lock
                0x08003730       0x10 zephyr/drivers/timer/libdrivers__timer.a(cortex_m_systick.c.obj)
 .text.do_device_init
                0x08003740       0x30 zephyr/kernel/libkernel.a(device.c.obj)
                0x08003740                do_device_init
 .text.z_impl_device_is_ready
                0x08003770       0x16 zephyr/kernel/libkernel.a(device.c.obj)
                0x08003770                z_impl_device_is_ready
 .text.arch_system_halt
                0x08003786       0x10 zephyr/kernel/libkernel.a(fatal.c.obj)
                0x08003786                arch_system_halt
 .text.k_sys_fatal_error_handler
                0x08003796        0x6 zephyr/kernel/libkernel.a(fatal.c.obj)
                0x08003796                k_sys_fatal_error_handler
 .text.idle     0x0800379c       0x16 zephyr/kernel/libkernel.a(idle.c.obj)
                0x0800379c                idle
 .text.z_thread_abort
                0x080037b2       0x3e zephyr/kernel/libkernel.a(thread.c.obj)
                0x080037b2                z_thread_abort
 .text.z_impl_k_yield
                0x080037f0        0x4 zephyr/kernel/libkernel.a(thread.c.obj)
                0x080037f0                z_impl_k_yield
 .text.sys_dlist_remove
                0x080037f4       0x10 zephyr/kernel/libkernel.a(sched.c.obj)
 .text.unpend_thread_no_timeout
                0x08003804       0x14 zephyr/kernel/libkernel.a(sched.c.obj)
 .text.z_ready_thread
                0x08003818       0x1e zephyr/kernel/libkernel.a(sched.c.obj)
                0x08003818                z_ready_thread
 .text.z_sched_ready_locked
                0x08003836        0x4 zephyr/kernel/libkernel.a(sched.c.obj)
                0x08003836                z_sched_ready_locked
 .text.z_sched_unready_locked
                0x0800383a        0x4 zephyr/kernel/libkernel.a(sched.c.obj)
                0x0800383a                z_sched_unready_locked
 .text.z_sched_wake_thread_locked
                0x0800383e       0x28 zephyr/kernel/libkernel.a(sched.c.obj)
                0x0800383e                z_sched_wake_thread_locked
 .text.z_thread_timeout
                0x08003866       0x2a zephyr/kernel/libkernel.a(sched.c.obj)
                0x08003866                z_thread_timeout
 .text.z_reschedule
                0x08003890        0x6 zephyr/kernel/libkernel.a(sched.c.obj)
                0x08003890                z_reschedule
 .text.z_impl_k_sleep
                0x08003896       0x32 zephyr/kernel/libkernel.a(sleep.c.obj)
                0x08003896                z_impl_k_sleep
 .text.z_time_slice_reset
                0x080038c8        0xe zephyr/kernel/libkernel.a(timeslicing.c.obj)
                0x080038c8                z_time_slice_reset
 .text.sys_clock_tick_get_32
                0x080038d6        0x8 zephyr/kernel/libkernel.a(timeout.c.obj)
                0x080038d6                sys_clock_tick_get_32
 .text.memcpy   0x080038de       0x1c C:/Users/fyaih/zephyr-sdk-1.0.1/gnu/arm-zephyr-eabi/bin/../lib/gcc/arm-zephyr-eabi/14.3.0/../../../../arm-zephyr-eabi/lib/thumb/v7e-m/nofp/space\libc.a(memcpy.c.o)
                0x080038de                __aeabi_memcpy
                0x080038de                __aeabi_memcpy4
                0x080038de                __aeabi_memcpy8
                0x080038de                memcpy
 .text.memset   0x080038fa       0x10 C:/Users/fyaih/zephyr-sdk-1.0.1/gnu/arm-zephyr-eabi/bin/../lib/gcc/arm-zephyr-eabi/14.3.0/../../../../arm-zephyr-eabi/lib/thumb/v7e-m/nofp/space\libc.a(memset.c.o)
                0x080038fa                memset
 .text.strnlen  0x0800390a       0x18 C:/Users/fyaih/zephyr-sdk-1.0.1/gnu/arm-zephyr-eabi/bin/../lib/gcc/arm-zephyr-eabi/14.3.0/../../../../arm-zephyr-eabi/lib/thumb/v7e-m/nofp/space\libc.a(libc_string_strnlen.c.o)
                0x0800390a                strnlen
 .text.__ultoa_invert
                0x08003922       0xae C:/Users/fyaih/zephyr-sdk-1.0.1/gnu/arm-zephyr-eabi/bin/../lib/gcc/arm-zephyr-eabi/14.3.0/../../../../arm-zephyr-eabi/lib/thumb/v7e-m/nofp/space\libc.a(libc_tinystdio_vflprintf.c.o)
 *(SORT_BY_ALIGNMENT(.gnu.linkonce.t.*))
 *(SORT_BY_ALIGNMENT(.glue_7t))
 .glue_7t       0x080039d0        0x0 linker stubs
 *(SORT_BY_ALIGNMENT(.glue_7))
 .glue_7        0x080039d0        0x0 linker stubs
 *(SORT_BY_ALIGNMENT(.vfp11_veneer))
 .vfp11_veneer  0x080039d0        0x0 linker stubs
 *(SORT_BY_ALIGNMENT(.v4_bx))
 .v4_bx         0x080039d0        0x0 linker stubs
                0x080039d0                        . = ALIGN (0x4)
                0x080039d0                        __text_region_end = .

.ARM.exidx      0x080039d0        0x8
                0x080039d0                        __exidx_start = .
 *(SORT_BY_ALIGNMENT(.ARM.exidx*) SORT_BY_ALIGNMENT(gnu.linkonce.armexidx.*))
 .ARM.exidx     0x080039d0        0x8 C:/Users/fyaih/zephyr-sdk-1.0.1/gnu/arm-zephyr-eabi/bin/../lib/gcc/arm-zephyr-eabi/14.3.0/thumb/v7e-m/nofp/space\libgcc.a(_udivmoddi4.o)
                0x080039d8                        __exidx_end = .
                0x080039d8                        __rodata_region_start = .

initlevel       0x080039d8       0x90
                0x080039d8                        __init_start = .
                0x080039d8                        __init_EARLY_start = .
 *(SORT_BY_NAME(SORT_BY_ALIGNMENT(.z_init_EARLY_P_?_*)))
 *(SORT_BY_NAME(SORT_BY_ALIGNMENT(.z_init_EARLY_P_??_*)))
 *(SORT_BY_NAME(SORT_BY_ALIGNMENT(.z_init_EARLY_P_???_*)))
                0x080039d8                        __init_PRE_KERNEL_1_start = .
 *(SORT_BY_NAME(SORT_BY_ALIGNMENT(.z_init_PRE_KERNEL_1_P_?_*)))
 .z_init_PRE_KERNEL_1_P_1_SUB_00008_
                0x080039d8        0x8 zephyr/drivers/clock_control/libdrivers__clock_control.a(clock_stm32_ll_common.c.obj)
 .z_init_PRE_KERNEL_1_P_1_SUB_0_
                0x080039e0        0x8 zephyr/libzephyr.a(soc_config.c.obj)
 *(SORT_BY_NAME(SORT_BY_ALIGNMENT(.z_init_PRE_KERNEL_1_P_??_*)))
 .z_init_PRE_KERNEL_1_P_35_SUB_00059_
                0x080039e8        0x8 zephyr/drivers/reset/libdrivers__reset.a(reset_stm32.c.obj)
 .z_init_PRE_KERNEL_1_P_40_SUB_00019_
                0x080039f0        0x8 zephyr/libzephyr.a(gpioport_mgr.c.obj)
 .z_init_PRE_KERNEL_1_P_40_SUB_00039_
                0x080039f8        0x8 zephyr/libzephyr.a(gpioport_mgr.c.obj)
 .z_init_PRE_KERNEL_1_P_40_SUB_00042_
                0x08003a00        0x8 zephyr/libzephyr.a(gpioport_mgr.c.obj)
 .z_init_PRE_KERNEL_1_P_40_SUB_00058_
                0x08003a08        0x8 zephyr/drivers/interrupt_controller/libdrivers__interrupt_controller.a(intc_exti_stm32.c.obj)
 .z_init_PRE_KERNEL_1_P_40_SUB_00089_
                0x08003a10        0x8 zephyr/libzephyr.a(gpioport_mgr.c.obj)
 .z_init_PRE_KERNEL_1_P_40_SUB_00090_
                0x08003a18        0x8 zephyr/libzephyr.a(gpioport_mgr.c.obj)
 .z_init_PRE_KERNEL_1_P_40_SUB_00091_
                0x08003a20        0x8 zephyr/libzephyr.a(gpioport_mgr.c.obj)
 .z_init_PRE_KERNEL_1_P_40_SUB_00092_
                0x08003a28        0x8 zephyr/libzephyr.a(gpioport_mgr.c.obj)
 .z_init_PRE_KERNEL_1_P_40_SUB_00093_
                0x08003a30        0x8 zephyr/libzephyr.a(gpioport_mgr.c.obj)
 .z_init_PRE_KERNEL_1_P_40_SUB_0_
                0x08003a38        0x8 zephyr/drivers/interrupt_controller/libdrivers__interrupt_controller.a(intc_gpio_stm32.c.obj)
 .z_init_PRE_KERNEL_1_P_50_SUB_00064_
                0x08003a40        0x8 zephyr/drivers/serial/libdrivers__serial.a(uart_stm32.c.obj)
 .z_init_PRE_KERNEL_1_P_60_SUB_0_
                0x08003a48        0x8 zephyr/drivers/console/libdrivers__console.a(uart_console.c.obj)
 *(SORT_BY_NAME(SORT_BY_ALIGNMENT(.z_init_PRE_KERNEL_1_P_???_*)))
                0x08003a50                        __init_PRE_KERNEL_2_start = .
 *(SORT_BY_NAME(SORT_BY_ALIGNMENT(.z_init_PRE_KERNEL_2_P_?_*)))
 .z_init_PRE_KERNEL_2_P_0_SUB_0_
                0x08003a50        0x8 zephyr/drivers/timer/libdrivers__timer.a(cortex_m_systick.c.obj)
 *(SORT_BY_NAME(SORT_BY_ALIGNMENT(.z_init_PRE_KERNEL_2_P_??_*)))
 *(SORT_BY_NAME(SORT_BY_ALIGNMENT(.z_init_PRE_KERNEL_2_P_???_*)))
                0x08003a58                        __init_POST_KERNEL_start = .
 *(SORT_BY_NAME(SORT_BY_ALIGNMENT(.z_init_POST_KERNEL_P_?_*)))
 *(SORT_BY_NAME(SORT_BY_ALIGNMENT(.z_init_POST_KERNEL_P_??_*)))
 .z_init_POST_KERNEL_P_35_SUB_0_
                0x08003a58        0x8 zephyr/lib/libc/common/liblib__libc__common.a(malloc.c.obj)
 *(SORT_BY_NAME(SORT_BY_ALIGNMENT(.z_init_POST_KERNEL_P_???_*)))
                0x08003a60                        __init_APPLICATION_start = .
 *(SORT_BY_NAME(SORT_BY_ALIGNMENT(.z_init_APPLICATION_P_?_*)))
 .z_init_APPLICATION_P_0_SUB_0_
                0x08003a60        0x8 zephyr/libzephyr.a(boot_banner.c.obj)
 *(SORT_BY_NAME(SORT_BY_ALIGNMENT(.z_init_APPLICATION_P_??_*)))
 *(SORT_BY_NAME(SORT_BY_ALIGNMENT(.z_init_APPLICATION_P_???_*)))
                0x08003a68                        __init_SMP_start = .
 *(SORT_BY_NAME(SORT_BY_ALIGNMENT(.z_init_SMP_P_?_*)))
 *(SORT_BY_NAME(SORT_BY_ALIGNMENT(.z_init_SMP_P_??_*)))
 *(SORT_BY_NAME(SORT_BY_ALIGNMENT(.z_init_SMP_P_???_*)))
                0x08003a68                        __init_end = .

device_area     0x08003a68      0x150
                0x08003a68                        _device_list_start = .
 *(SORT_BY_NAME(SORT_BY_ALIGNMENT(._device.static.*_?_*)))
 ._device.static.1_1_
                0x08003a68       0x1c zephyr/drivers/clock_control/libdrivers__clock_control.a(clock_stm32_ll_common.c.obj)
                0x08003a68                __device_dts_ord_8
 *(SORT_BY_NAME(SORT_BY_ALIGNMENT(._device.static.*_??_*)))
 ._device.static.1_35_
                0x08003a84       0x1c zephyr/drivers/reset/libdrivers__reset.a(reset_stm32.c.obj)
                0x08003a84                __device_dts_ord_59
 ._device.static.1_40_
                0x08003aa0       0xe0 zephyr/libzephyr.a(gpioport_mgr.c.obj)
                0x08003aa0                __device_dts_ord_93
                0x08003abc                __device_dts_ord_92
                0x08003ad8                __device_dts_ord_91
                0x08003af4                __device_dts_ord_90
                0x08003b10                __device_dts_ord_89
                0x08003b2c                __device_dts_ord_42
                0x08003b48                __device_dts_ord_19
                0x08003b64                __device_dts_ord_39
 ._device.static.1_40_
                0x08003b80       0x1c zephyr/drivers/interrupt_controller/libdrivers__interrupt_controller.a(intc_exti_stm32.c.obj)
                0x08003b80                __device_dts_ord_58
 ._device.static.1_50_
                0x08003b9c       0x1c zephyr/drivers/serial/libdrivers__serial.a(uart_stm32.c.obj)
                0x08003b9c                __device_dts_ord_64
 *(SORT_BY_NAME(SORT_BY_ALIGNMENT(._device.static.*_???_*)))
 *(SORT_BY_NAME(SORT_BY_ALIGNMENT(._device.static.*_????_*)))
 *(SORT_BY_NAME(SORT_BY_ALIGNMENT(._device.static.*_?????_*)))
                0x08003bb8                        _device_list_end = .

sw_isr_table    0x08003bb8      0x220
                0x08003bb8                        . = ALIGN (0x4)
 *(SORT_BY_ALIGNMENT(.gnu.linkonce.sw_isr_table*))
 .gnu.linkonce.sw_isr_table
                0x08003bb8      0x220 zephyr/CMakeFiles/zephyr_final.dir/isr_tables.c.obj
                0x08003bb8                _sw_isr_table

initlevel_error
 *(SORT_BY_NAME(SORT_BY_ALIGNMENT(.z_init_*)))
                0x00000001                        ASSERT ((SIZEOF (initlevel_error) == 0x0), Undefined initialization levels used.)

app_shmem_regions
                0x08003dd8        0x0
                0x08003dd8                        __app_shmem_regions_start = .
 *(SORT_BY_NAME(SORT_BY_ALIGNMENT(.app_regions.*)))
                0x08003dd8                        __app_shmem_regions_end = .

k_p4wq_initparam_area
                0x08003dd8        0x0
                0x08003dd8                        _k_p4wq_initparam_list_start = .
 *(SORT_BY_NAME(SORT_BY_ALIGNMENT(._k_p4wq_initparam.static.*)))
                0x08003dd8                        _k_p4wq_initparam_list_end = .

k_kernel_init_pre_entry_area
                0x08003dd8        0x0
                0x08003dd8                        _k_kernel_init_pre_entry_list_start = .
 *(SORT_BY_NAME(SORT_BY_ALIGNMENT(._k_kernel_init_pre_entry.static.*)))
                0x08003dd8                        _k_kernel_init_pre_entry_list_end = .

k_kernel_init_post_entry_area
                0x08003dd8        0x0
                0x08003dd8                        _k_kernel_init_post_entry_list_start = .
 *(SORT_BY_NAME(SORT_BY_ALIGNMENT(._k_kernel_init_post_entry.static.*)))
                0x08003dd8                        _k_kernel_init_post_entry_list_end = .

_static_thread_data_area
                0x08003dd8        0x0
                0x08003dd8                        __static_thread_data_list_start = .
 *(SORT_BY_NAME(SORT_BY_ALIGNMENT(.__static_thread_data.static.*)))
                0x08003dd8                        __static_thread_data_list_end = .

device_deps     0x08003dd8        0x0
                0x08003dd8                        __device_deps_start = .
 *(SORT_BY_NAME(SORT_BY_ALIGNMENT(.__device_deps_pass2*)))
                0x08003dd8                        __device_deps_end = .

device_api_area
                0x08003dd8       0x9c
                0x08003dd8                        _gpio_driver_api_list_start = .
 *(SORT_BY_NAME(SORT_BY_ALIGNMENT(._gpio_driver_api.static.*)))
 ._gpio_driver_api.static.gpio_stm32_driver_
                0x08003dd8       0x24 zephyr/drivers/gpio/libdrivers__gpio.a(gpio_stm32.c.obj)
                0x08003dd8                gpio_stm32_driver
                0x08003dfc                        _gpio_driver_api_list_end = .
                0x08003dfc                        _gpio_driver_api_ext_end = .
                0x08003dfc                        _reset_driver_api_list_start = .
 *(SORT_BY_NAME(SORT_BY_ALIGNMENT(._reset_driver_api.static.*)))
 ._reset_driver_api.static.reset_stm32_driver_api_
                0x08003dfc       0x10 zephyr/drivers/reset/libdrivers__reset.a(reset_stm32.c.obj)
                0x08003e0c                        _reset_driver_api_list_end = .
                0x08003e0c                        _reset_driver_api_ext_end = .
                0x08003e0c                        _shared_irq_driver_api_list_start = .
 *(SORT_BY_NAME(SORT_BY_ALIGNMENT(._shared_irq_driver_api.static.*)))
                0x08003e0c                        _shared_irq_driver_api_list_end = .
                0x08003e0c                        _shared_irq_driver_api_ext_end = .
                0x08003e0c                        _audio_codec_driver_api_list_start = .
 *(SORT_BY_NAME(SORT_BY_ALIGNMENT(._audio_codec_driver_api.static.*)))
                0x08003e0c                        _audio_codec_driver_api_list_end = .
                0x08003e0c                        _audio_codec_driver_api_ext_end = .
                0x08003e0c                        _dmic_driver_api_list_start = .
 *(SORT_BY_NAME(SORT_BY_ALIGNMENT(._dmic_driver_api.static.*)))
                0x08003e0c                        _dmic_driver_api_list_end = .
                0x08003e0c                        _dmic_driver_api_ext_end = .
                0x08003e0c                        _crypto_driver_api_list_start = .
 *(SORT_BY_NAME(SORT_BY_ALIGNMENT(._crypto_driver_api.static.*)))
                0x08003e0c                        _crypto_driver_api_list_end = .
                0x08003e0c                        _crypto_driver_api_ext_end = .
                0x08003e0c                        _adc_driver_api_list_start = .
 *(SORT_BY_NAME(SORT_BY_ALIGNMENT(._adc_driver_api.static.*)))
                0x08003e0c                        _adc_driver_api_list_end = .
                0x08003e0c                        _adc_driver_api_ext_end = .
                0x08003e0c                        _auxdisplay_driver_api_list_start = .
 *(SORT_BY_NAME(SORT_BY_ALIGNMENT(._auxdisplay_driver_api.static.*)))
                0x08003e0c                        _auxdisplay_driver_api_list_end = .
                0x08003e0c                        _auxdisplay_driver_api_ext_end = .
                0x08003e0c                        _bbram_driver_api_list_start = .
 *(SORT_BY_NAME(SORT_BY_ALIGNMENT(._bbram_driver_api.static.*)))
                0x08003e0c                        _bbram_driver_api_list_end = .
                0x08003e0c                        _bbram_driver_api_ext_end = .
                0x08003e0c                        _biometric_driver_api_list_start = .
 *(SORT_BY_NAME(SORT_BY_ALIGNMENT(._biometric_driver_api.static.*)))
                0x08003e0c                        _biometric_driver_api_list_end = .
                0x08003e0c                        _biometric_driver_api_ext_end = .
                0x08003e0c                        _bt_hci_driver_api_list_start = .
 *(SORT_BY_NAME(SORT_BY_ALIGNMENT(._bt_hci_driver_api.static.*)))
                0x08003e0c                        _bt_hci_driver_api_list_end = .
                0x08003e0c                        _bt_hci_driver_api_ext_end = .
                0x08003e0c                        _buzzer_driver_api_list_start = .
 *(SORT_BY_NAME(SORT_BY_ALIGNMENT(._buzzer_driver_api.static.*)))
                0x08003e0c                        _buzzer_driver_api_list_end = .
                0x08003e0c                        _buzzer_driver_api_ext_end = .
                0x08003e0c                        _can_driver_api_list_start = .
 *(SORT_BY_NAME(SORT_BY_ALIGNMENT(._can_driver_api.static.*)))
                0x08003e0c                        _can_driver_api_list_end = .
                0x08003e0c                        _can_driver_api_ext_end = .
                0x08003e0c                        _cellular_driver_api_list_start = .
 *(SORT_BY_NAME(SORT_BY_ALIGNMENT(._cellular_driver_api.static.*)))
                0x08003e0c                        _cellular_driver_api_list_end = .
                0x08003e0c                        _cellular_driver_api_ext_end = .
                0x08003e0c                        _charger_driver_api_list_start = .
 *(SORT_BY_NAME(SORT_BY_ALIGNMENT(._charger_driver_api.static.*)))
                0x08003e0c                        _charger_driver_api_list_end = .
                0x08003e0c                        _charger_driver_api_ext_end = .
                0x08003e0c                        _clock_control_driver_api_list_start = .
 *(SORT_BY_NAME(SORT_BY_ALIGNMENT(._clock_control_driver_api.static.*)))
 ._clock_control_driver_api.static.stm32_clock_control_api_
                0x08003e0c       0x1c zephyr/drivers/clock_control/libdrivers__clock_control.a(clock_stm32_ll_common.c.obj)
                0x08003e28                        _clock_control_driver_api_list_end = .
                0x08003e28                        _nrf_clock_control_driver_api_list_start = .
 *(SORT_BY_NAME(SORT_BY_ALIGNMENT(._nrf_clock_control_driver_api.static.*)))
                0x08003e28                        _nrf_clock_control_driver_api_list_end = .
                0x08003e28                        _nrf_clock_control_driver_api_ext_end = .
                0x08003e28                        _clock_control_driver_api_ext_end = .
                0x08003e28                        _clock_monitor_driver_api_list_start = .
 *(SORT_BY_NAME(SORT_BY_ALIGNMENT(._clock_monitor_driver_api.static.*)))
                0x08003e28                        _clock_monitor_driver_api_list_end = .
                0x08003e28                        _clock_monitor_driver_api_ext_end = .
                0x08003e28                        _comparator_driver_api_list_start = .
 *(SORT_BY_NAME(SORT_BY_ALIGNMENT(._comparator_driver_api.static.*)))
                0x08003e28                        _comparator_driver_api_list_end = .
                0x08003e28                        _comparator_driver_api_ext_end = .
                0x08003e28                        _coredump_driver_api_list_start = .
 *(SORT_BY_NAME(SORT_BY_ALIGNMENT(._coredump_driver_api.static.*)))
                0x08003e28                        _coredump_driver_api_list_end = .
                0x08003e28                        _coredump_driver_api_ext_end = .
                0x08003e28                        _counter_driver_api_list_start = .
 *(SORT_BY_NAME(SORT_BY_ALIGNMENT(._counter_driver_api.static.*)))
                0x08003e28                        _counter_driver_api_list_end = .
                0x08003e28                        _counter_driver_api_ext_end = .
                0x08003e28                        _crc_driver_api_list_start = .
 *(SORT_BY_NAME(SORT_BY_ALIGNMENT(._crc_driver_api.static.*)))
                0x08003e28                        _crc_driver_api_list_end = .
                0x08003e28                        _crc_driver_api_ext_end = .
                0x08003e28                        _dac_driver_api_list_start = .
 *(SORT_BY_NAME(SORT_BY_ALIGNMENT(._dac_driver_api.static.*)))
                0x08003e28                        _dac_driver_api_list_end = .
                0x08003e28                        _dac_driver_api_ext_end = .
                0x08003e28                        _dai_driver_api_list_start = .
 *(SORT_BY_NAME(SORT_BY_ALIGNMENT(._dai_driver_api.static.*)))
                0x08003e28                        _dai_driver_api_list_end = .
                0x08003e28                        _dai_driver_api_ext_end = .
                0x08003e28                        _dali_driver_api_list_start = .
 *(SORT_BY_NAME(SORT_BY_ALIGNMENT(._dali_driver_api.static.*)))
                0x08003e28                        _dali_driver_api_list_end = .
                0x08003e28                        _dali_driver_api_ext_end = .
                0x08003e28                        _display_driver_api_list_start = .
 *(SORT_BY_NAME(SORT_BY_ALIGNMENT(._display_driver_api.static.*)))
                0x08003e28                        _display_driver_api_list_end = .
                0x08003e28                        _display_driver_api_ext_end = .
                0x08003e28                        _dma_driver_api_list_start = .
 *(SORT_BY_NAME(SORT_BY_ALIGNMENT(._dma_driver_api.static.*)))
                0x08003e28                        _dma_driver_api_list_end = .
                0x08003e28                        _dma_driver_api_ext_end = .
                0x08003e28                        _edac_driver_api_list_start = .
 *(SORT_BY_NAME(SORT_BY_ALIGNMENT(._edac_driver_api.static.*)))
                0x08003e28                        _edac_driver_api_list_end = .
                0x08003e28                        _edac_driver_api_ext_end = .
                0x08003e28                        _eeprom_driver_api_list_start = .
 *(SORT_BY_NAME(SORT_BY_ALIGNMENT(._eeprom_driver_api.static.*)))
                0x08003e28                        _eeprom_driver_api_list_end = .
                0x08003e28                        _eeprom_driver_api_ext_end = .
                0x08003e28                        _emul_bbram_driver_api_list_start = .
 *(SORT_BY_NAME(SORT_BY_ALIGNMENT(._emul_bbram_driver_api.static.*)))
                0x08003e28                        _emul_bbram_driver_api_list_end = .
                0x08003e28                        _emul_bbram_driver_api_ext_end = .
                0x08003e28                        _fuel_gauge_emul_driver_api_list_start = .
 *(SORT_BY_NAME(SORT_BY_ALIGNMENT(._fuel_gauge_emul_driver_api.static.*)))
                0x08003e28                        _fuel_gauge_emul_driver_api_list_end = .
                0x08003e28                        _fuel_gauge_emul_driver_api_ext_end = .
                0x08003e28                        _emul_sensor_driver_api_list_start = .
 *(SORT_BY_NAME(SORT_BY_ALIGNMENT(._emul_sensor_driver_api.static.*)))
                0x08003e28                        _emul_sensor_driver_api_list_end = .
                0x08003e28                        _emul_sensor_driver_api_ext_end = .
                0x08003e28                        _entropy_driver_api_list_start = .
 *(SORT_BY_NAME(SORT_BY_ALIGNMENT(._entropy_driver_api.static.*)))
                0x08003e28                        _entropy_driver_api_list_end = .
                0x08003e28                        _entropy_driver_api_ext_end = .
                0x08003e28                        _espi_driver_api_list_start = .
 *(SORT_BY_NAME(SORT_BY_ALIGNMENT(._espi_driver_api.static.*)))
                0x08003e28                        _espi_driver_api_list_end = .
                0x08003e28                        _emul_espi_driver_api_list_start = .
 *(SORT_BY_NAME(SORT_BY_ALIGNMENT(._emul_espi_driver_api.static.*)))
                0x08003e28                        _emul_espi_driver_api_list_end = .
                0x08003e28                        _emul_espi_driver_api_ext_end = .
                0x08003e28                        _espi_driver_api_ext_end = .
                0x08003e28                        _espi_saf_driver_api_list_start = .
 *(SORT_BY_NAME(SORT_BY_ALIGNMENT(._espi_saf_driver_api.static.*)))
                0x08003e28                        _espi_saf_driver_api_list_end = .
                0x08003e28                        _espi_saf_driver_api_ext_end = .
                0x08003e28                        _flash_driver_api_list_start = .
 *(SORT_BY_NAME(SORT_BY_ALIGNMENT(._flash_driver_api.static.*)))
                0x08003e28                        _flash_driver_api_list_end = .
                0x08003e28                        _flash_driver_api_ext_end = .
                0x08003e28                        _fpga_driver_api_list_start = .
 *(SORT_BY_NAME(SORT_BY_ALIGNMENT(._fpga_driver_api.static.*)))
                0x08003e28                        _fpga_driver_api_list_end = .
                0x08003e28                        _fpga_driver_api_ext_end = .
                0x08003e28                        _fuel_gauge_driver_api_list_start = .
 *(SORT_BY_NAME(SORT_BY_ALIGNMENT(._fuel_gauge_driver_api.static.*)))
                0x08003e28                        _fuel_gauge_driver_api_list_end = .
                0x08003e28                        _fuel_gauge_driver_api_ext_end = .
                0x08003e28                        _gnss_driver_api_list_start = .
 *(SORT_BY_NAME(SORT_BY_ALIGNMENT(._gnss_driver_api.static.*)))
                0x08003e28                        _gnss_driver_api_list_end = .
                0x08003e28                        _gnss_driver_api_ext_end = .
                0x08003e28                        _haptics_driver_api_list_start = .
 *(SORT_BY_NAME(SORT_BY_ALIGNMENT(._haptics_driver_api.static.*)))
                0x08003e28                        _haptics_driver_api_list_end = .
                0x08003e28                        _haptics_driver_api_ext_end = .
                0x08003e28                        _hwspinlock_driver_api_list_start = .
 *(SORT_BY_NAME(SORT_BY_ALIGNMENT(._hwspinlock_driver_api.static.*)))
                0x08003e28                        _hwspinlock_driver_api_list_end = .
                0x08003e28                        _hwspinlock_driver_api_ext_end = .
                0x08003e28                        _i2c_driver_api_list_start = .
 *(SORT_BY_NAME(SORT_BY_ALIGNMENT(._i2c_driver_api.static.*)))
                0x08003e28                        _i2c_driver_api_list_end = .
                0x08003e28                        _i3c_driver_api_list_start = .
 *(SORT_BY_NAME(SORT_BY_ALIGNMENT(._i3c_driver_api.static.*)))
                0x08003e28                        _i3c_driver_api_list_end = .
                0x08003e28                        _i3c_driver_api_ext_end = .
                0x08003e28                        _i2c_driver_api_ext_end = .
                0x08003e28                        _i2c_target_driver_api_list_start = .
 *(SORT_BY_NAME(SORT_BY_ALIGNMENT(._i2c_target_driver_api.static.*)))
                0x08003e28                        _i2c_target_driver_api_list_end = .
                0x08003e28                        _i2c_target_driver_api_ext_end = .
                0x08003e28                        _i2s_driver_api_list_start = .
 *(SORT_BY_NAME(SORT_BY_ALIGNMENT(._i2s_driver_api.static.*)))
                0x08003e28                        _i2s_driver_api_list_end = .
                0x08003e28                        _i2s_driver_api_ext_end = .
                0x08003e28                        _ipm_driver_api_list_start = .
 *(SORT_BY_NAME(SORT_BY_ALIGNMENT(._ipm_driver_api.static.*)))
                0x08003e28                        _ipm_driver_api_list_end = .
                0x08003e28                        _ipm_driver_api_ext_end = .
                0x08003e28                        _led_driver_api_list_start = .
 *(SORT_BY_NAME(SORT_BY_ALIGNMENT(._led_driver_api.static.*)))
                0x08003e28                        _led_driver_api_list_end = .
                0x08003e28                        _led_driver_api_ext_end = .
                0x08003e28                        _led_strip_driver_api_list_start = .
 *(SORT_BY_NAME(SORT_BY_ALIGNMENT(._led_strip_driver_api.static.*)))
                0x08003e28                        _led_strip_driver_api_list_end = .
                0x08003e28                        _led_strip_driver_api_ext_end = .
                0x08003e28                        _lora_driver_api_list_start = .
 *(SORT_BY_NAME(SORT_BY_ALIGNMENT(._lora_driver_api.static.*)))
                0x08003e28                        _lora_driver_api_list_end = .
                0x08003e28                        _lora_driver_api_ext_end = .
                0x08003e28                        _mbox_driver_api_list_start = .
 *(SORT_BY_NAME(SORT_BY_ALIGNMENT(._mbox_driver_api.static.*)))
                0x08003e28                        _mbox_driver_api_list_end = .
                0x08003e28                        _mbox_driver_api_ext_end = .
                0x08003e28                        _mdio_driver_api_list_start = .
 *(SORT_BY_NAME(SORT_BY_ALIGNMENT(._mdio_driver_api.static.*)))
                0x08003e28                        _mdio_driver_api_list_end = .
                0x08003e28                        _mdio_driver_api_ext_end = .
                0x08003e28                        _memc_driver_api_list_start = .
 *(SORT_BY_NAME(SORT_BY_ALIGNMENT(._memc_driver_api.static.*)))
                0x08003e28                        _memc_driver_api_list_end = .
                0x08003e28                        _memc_driver_api_ext_end = .
                0x08003e28                        _mipi_dbi_driver_api_list_start = .
 *(SORT_BY_NAME(SORT_BY_ALIGNMENT(._mipi_dbi_driver_api.static.*)))
                0x08003e28                        _mipi_dbi_driver_api_list_end = .
                0x08003e28                        _mipi_dbi_driver_api_ext_end = .
                0x08003e28                        _mipi_dsi_driver_api_list_start = .
 *(SORT_BY_NAME(SORT_BY_ALIGNMENT(._mipi_dsi_driver_api.static.*)))
                0x08003e28                        _mipi_dsi_driver_api_list_end = .
                0x08003e28                        _mipi_dsi_driver_api_ext_end = .
                0x08003e28                        _mspi_driver_api_list_start = .
 *(SORT_BY_NAME(SORT_BY_ALIGNMENT(._mspi_driver_api.static.*)))
                0x08003e28                        _mspi_driver_api_list_end = .
                0x08003e28                        _emul_mspi_driver_api_list_start = .
 *(SORT_BY_NAME(SORT_BY_ALIGNMENT(._emul_mspi_driver_api.static.*)))
                0x08003e28                        _emul_mspi_driver_api_list_end = .
                0x08003e28                        _emul_mspi_driver_api_ext_end = .
                0x08003e28                        _mspi_driver_api_ext_end = .
                0x08003e28                        _opamp_driver_api_list_start = .
 *(SORT_BY_NAME(SORT_BY_ALIGNMENT(._opamp_driver_api.static.*)))
                0x08003e28                        _opamp_driver_api_list_end = .
                0x08003e28                        _opamp_driver_api_ext_end = .
                0x08003e28                        _otp_driver_api_list_start = .
 *(SORT_BY_NAME(SORT_BY_ALIGNMENT(._otp_driver_api.static.*)))
                0x08003e28                        _otp_driver_api_list_end = .
                0x08003e28                        _otp_driver_api_ext_end = .
                0x08003e28                        _peci_driver_api_list_start = .
 *(SORT_BY_NAME(SORT_BY_ALIGNMENT(._peci_driver_api.static.*)))
                0x08003e28                        _peci_driver_api_list_end = .
                0x08003e28                        _peci_driver_api_ext_end = .
                0x08003e28                        _ps2_driver_api_list_start = .
 *(SORT_BY_NAME(SORT_BY_ALIGNMENT(._ps2_driver_api.static.*)))
                0x08003e28                        _ps2_driver_api_list_end = .
                0x08003e28                        _ps2_driver_api_ext_end = .
                0x08003e28                        _ptp_clock_driver_api_list_start = .
 *(SORT_BY_NAME(SORT_BY_ALIGNMENT(._ptp_clock_driver_api.static.*)))
                0x08003e28                        _ptp_clock_driver_api_list_end = .
                0x08003e28                        _ptp_clock_driver_api_ext_end = .
                0x08003e28                        _pwm_driver_api_list_start = .
 *(SORT_BY_NAME(SORT_BY_ALIGNMENT(._pwm_driver_api.static.*)))
                0x08003e28                        _pwm_driver_api_list_end = .
                0x08003e28                        _pwm_driver_api_ext_end = .
                0x08003e28                        _regulator_parent_driver_api_list_start = .
 *(SORT_BY_NAME(SORT_BY_ALIGNMENT(._regulator_parent_driver_api.static.*)))
                0x08003e28                        _regulator_parent_driver_api_list_end = .
                0x08003e28                        _regulator_parent_driver_api_ext_end = .
                0x08003e28                        _regulator_driver_api_list_start = .
 *(SORT_BY_NAME(SORT_BY_ALIGNMENT(._regulator_driver_api.static.*)))
                0x08003e28                        _regulator_driver_api_list_end = .
                0x08003e28                        _regulator_driver_api_ext_end = .
                0x08003e28                        _retained_mem_driver_api_list_start = .
 *(SORT_BY_NAME(SORT_BY_ALIGNMENT(._retained_mem_driver_api.static.*)))
                0x08003e28                        _retained_mem_driver_api_list_end = .
                0x08003e28                        _retained_mem_driver_api_ext_end = .
                0x08003e28                        _rtc_driver_api_list_start = .
 *(SORT_BY_NAME(SORT_BY_ALIGNMENT(._rtc_driver_api.static.*)))
                0x08003e28                        _rtc_driver_api_list_end = .
                0x08003e28                        _rtc_driver_api_ext_end = .
                0x08003e28                        _sdhc_driver_api_list_start = .
 *(SORT_BY_NAME(SORT_BY_ALIGNMENT(._sdhc_driver_api.static.*)))
                0x08003e28                        _sdhc_driver_api_list_end = .
                0x08003e28                        _sdhc_driver_api_ext_end = .
                0x08003e28                        _sensor_driver_api_list_start = .
 *(SORT_BY_NAME(SORT_BY_ALIGNMENT(._sensor_driver_api.static.*)))
                0x08003e28                        _sensor_driver_api_list_end = .
                0x08003e28                        _sensor_driver_api_ext_end = .
                0x08003e28                        _smbus_driver_api_list_start = .
 *(SORT_BY_NAME(SORT_BY_ALIGNMENT(._smbus_driver_api.static.*)))
                0x08003e28                        _smbus_driver_api_list_end = .
                0x08003e28                        _smbus_driver_api_ext_end = .
                0x08003e28                        _spi_driver_api_list_start = .
 *(SORT_BY_NAME(SORT_BY_ALIGNMENT(._spi_driver_api.static.*)))
                0x08003e28                        _spi_driver_api_list_end = .
                0x08003e28                        _spi_driver_api_ext_end = .
                0x08003e28                        _syscon_driver_api_list_start = .
 *(SORT_BY_NAME(SORT_BY_ALIGNMENT(._syscon_driver_api.static.*)))
                0x08003e28                        _syscon_driver_api_list_end = .
                0x08003e28                        _syscon_driver_api_ext_end = .
                0x08003e28                        _tee_driver_api_list_start = .
 *(SORT_BY_NAME(SORT_BY_ALIGNMENT(._tee_driver_api.static.*)))
                0x08003e28                        _tee_driver_api_list_end = .
                0x08003e28                        _tee_driver_api_ext_end = .
                0x08003e28                        _tgpio_driver_api_list_start = .
 *(SORT_BY_NAME(SORT_BY_ALIGNMENT(._tgpio_driver_api.static.*)))
                0x08003e28                        _tgpio_driver_api_list_end = .
                0x08003e28                        _tgpio_driver_api_ext_end = .
                0x08003e28                        _uaol_driver_api_list_start = .
 *(SORT_BY_NAME(SORT_BY_ALIGNMENT(._uaol_driver_api.static.*)))
                0x08003e28                        _uaol_driver_api_list_end = .
                0x08003e28                        _uaol_driver_api_ext_end = .
                0x08003e28                        _video_driver_api_list_start = .
 *(SORT_BY_NAME(SORT_BY_ALIGNMENT(._video_driver_api.static.*)))
                0x08003e28                        _video_driver_api_list_end = .
                0x08003e28                        _video_driver_api_ext_end = .
                0x08003e28                        _virtio_driver_api_list_start = .
 *(SORT_BY_NAME(SORT_BY_ALIGNMENT(._virtio_driver_api.static.*)))
                0x08003e28                        _virtio_driver_api_list_end = .
                0x08003e28                        _virtio_driver_api_ext_end = .
                0x08003e28                        _w1_driver_api_list_start = .
 *(SORT_BY_NAME(SORT_BY_ALIGNMENT(._w1_driver_api.static.*)))
                0x08003e28                        _w1_driver_api_list_end = .
                0x08003e28                        _w1_driver_api_ext_end = .
                0x08003e28                        _wdt_driver_api_list_start = .
 *(SORT_BY_NAME(SORT_BY_ALIGNMENT(._wdt_driver_api.static.*)))
                0x08003e28                        _wdt_driver_api_list_end = .
                0x08003e28                        _wdt_driver_api_ext_end = .
                0x08003e28                        _wuc_driver_api_list_start = .
 *(SORT_BY_NAME(SORT_BY_ALIGNMENT(._wuc_driver_api.static.*)))
                0x08003e28                        _wuc_driver_api_list_end = .
                0x08003e28                        _wuc_driver_api_ext_end = .
                0x08003e28                        _can_transceiver_driver_api_list_start = .
 *(SORT_BY_NAME(SORT_BY_ALIGNMENT(._can_transceiver_driver_api.static.*)))
                0x08003e28                        _can_transceiver_driver_api_list_end = .
                0x08003e28                        _can_transceiver_driver_api_ext_end = .
                0x08003e28                        _i3c_target_driver_api_list_start = .
 *(SORT_BY_NAME(SORT_BY_ALIGNMENT(._i3c_target_driver_api.static.*)))
                0x08003e28                        _i3c_target_driver_api_list_end = .
                0x08003e28                        _i3c_target_driver_api_ext_end = .
                0x08003e28                        _its_driver_api_list_start = .
 *(SORT_BY_NAME(SORT_BY_ALIGNMENT(._its_driver_api.static.*)))
                0x08003e28                        _its_driver_api_list_end = .
                0x08003e28                        _its_driver_api_ext_end = .
                0x08003e28                        _vtd_driver_api_list_start = .
 *(SORT_BY_NAME(SORT_BY_ALIGNMENT(._vtd_driver_api.static.*)))
                0x08003e28                        _vtd_driver_api_list_end = .
                0x08003e28                        _vtd_driver_api_ext_end = .
                0x08003e28                        _renesas_elc_driver_api_list_start = .
 *(SORT_BY_NAME(SORT_BY_ALIGNMENT(._renesas_elc_driver_api.static.*)))
                0x08003e28                        _renesas_elc_driver_api_list_end = .
                0x08003e28                        _renesas_elc_driver_api_ext_end = .
                0x08003e28                        _pcie_ctrl_driver_api_list_start = .
 *(SORT_BY_NAME(SORT_BY_ALIGNMENT(._pcie_ctrl_driver_api.static.*)))
                0x08003e28                        _pcie_ctrl_driver_api_list_end = .
                0x08003e28                        _pcie_ctrl_driver_api_ext_end = .
                0x08003e28                        _pcie_ep_driver_api_list_start = .
 *(SORT_BY_NAME(SORT_BY_ALIGNMENT(._pcie_ep_driver_api.static.*)))
                0x08003e28                        _pcie_ep_driver_api_list_end = .
                0x08003e28                        _pcie_ep_driver_api_ext_end = .
                0x08003e28                        _psi5_driver_api_list_start = .
 *(SORT_BY_NAME(SORT_BY_ALIGNMENT(._psi5_driver_api.static.*)))
                0x08003e28                        _psi5_driver_api_list_end = .
                0x08003e28                        _psi5_driver_api_ext_end = .
                0x08003e28                        _sent_driver_api_list_start = .
 *(SORT_BY_NAME(SORT_BY_ALIGNMENT(._sent_driver_api.static.*)))
                0x08003e28                        _sent_driver_api_list_end = .
                0x08003e28                        _sent_driver_api_ext_end = .
                0x08003e28                        _svc_driver_api_list_start = .
 *(SORT_BY_NAME(SORT_BY_ALIGNMENT(._svc_driver_api.static.*)))
                0x08003e28                        _svc_driver_api_list_end = .
                0x08003e28                        _svc_driver_api_ext_end = .
                0x08003e28                        _stepper_driver_api_list_start = .
 *(SORT_BY_NAME(SORT_BY_ALIGNMENT(._stepper_driver_api.static.*)))
                0x08003e28                        _stepper_driver_api_list_end = .
                0x08003e28                        _stepper_driver_api_ext_end = .
                0x08003e28                        _stepper_ctrl_driver_api_list_start = .
 *(SORT_BY_NAME(SORT_BY_ALIGNMENT(._stepper_ctrl_driver_api.static.*)))
                0x08003e28                        _stepper_ctrl_driver_api_list_end = .
                0x08003e28                        _stepper_ctrl_driver_api_ext_end = .
                0x08003e28                        _uart_driver_api_list_start = .
 *(SORT_BY_NAME(SORT_BY_ALIGNMENT(._uart_driver_api.static.*)))
 ._uart_driver_api.static.uart_stm32_driver_api_
                0x08003e28       0x4c zephyr/drivers/serial/libdrivers__serial.a(uart_stm32.c.obj)
                0x08003e74                        _uart_driver_api_list_end = .
                0x08003e74                        _uart_driver_api_ext_end = .
                0x08003e74                        _bc12_emul_driver_api_list_start = .
 *(SORT_BY_NAME(SORT_BY_ALIGNMENT(._bc12_emul_driver_api.static.*)))
                0x08003e74                        _bc12_emul_driver_api_list_end = .
                0x08003e74                        _bc12_emul_driver_api_ext_end = .
                0x08003e74                        _bc12_driver_api_list_start = .
 *(SORT_BY_NAME(SORT_BY_ALIGNMENT(._bc12_driver_api.static.*)))
                0x08003e74                        _bc12_driver_api_list_end = .
                0x08003e74                        _bc12_driver_api_ext_end = .
                0x08003e74                        _usbc_ppc_driver_api_list_start = .
 *(SORT_BY_NAME(SORT_BY_ALIGNMENT(._usbc_ppc_driver_api.static.*)))
                0x08003e74                        _usbc_ppc_driver_api_list_end = .
                0x08003e74                        _usbc_ppc_driver_api_ext_end = .
                0x08003e74                        _tcpc_driver_api_list_start = .
 *(SORT_BY_NAME(SORT_BY_ALIGNMENT(._tcpc_driver_api.static.*)))
                0x08003e74                        _tcpc_driver_api_list_end = .
                0x08003e74                        _tcpc_driver_api_ext_end = .
                0x08003e74                        _usbc_vbus_driver_api_list_start = .
 *(SORT_BY_NAME(SORT_BY_ALIGNMENT(._usbc_vbus_driver_api.static.*)))
                0x08003e74                        _usbc_vbus_driver_api_list_end = .
                0x08003e74                        _usbc_vbus_driver_api_ext_end = .
                0x08003e74                        _ivshmem_driver_api_list_start = .
 *(SORT_BY_NAME(SORT_BY_ALIGNMENT(._ivshmem_driver_api.static.*)))
                0x08003e74                        _ivshmem_driver_api_list_end = .
                0x08003e74                        _ivshmem_driver_api_ext_end = .
                0x08003e74                        _ethphy_driver_api_list_start = .
 *(SORT_BY_NAME(SORT_BY_ALIGNMENT(._ethphy_driver_api.static.*)))
                0x08003e74                        _ethphy_driver_api_list_end = .
                0x08003e74                        _ethphy_driver_api_ext_end = .

ztest           0x08003e74        0x0
                0x08003e74                        _ztest_expected_result_entry_list_start = .
 *(SORT_BY_NAME(SORT_BY_ALIGNMENT(._ztest_expected_result_entry.static.*)))
                0x08003e74                        _ztest_expected_result_entry_list_end = .
                0x08003e74                        _ztest_suite_node_list_start = .
 *(SORT_BY_NAME(SORT_BY_ALIGNMENT(._ztest_suite_node.static.*)))
                0x08003e74                        _ztest_suite_node_list_end = .
                0x08003e74                        _ztest_unit_test_list_start = .
 *(SORT_BY_NAME(SORT_BY_ALIGNMENT(._ztest_unit_test.static.*)))
                0x08003e74                        _ztest_unit_test_list_end = .
                0x08003e74                        _ztest_param_inst_list_start = .
 *(SORT_BY_NAME(SORT_BY_ALIGNMENT(._ztest_param_inst.static.*)))
                0x08003e74                        _ztest_param_inst_list_end = .
                0x08003e74                        _ztest_test_rule_list_start = .
 *(SORT_BY_NAME(SORT_BY_ALIGNMENT(._ztest_test_rule.static.*)))
                0x08003e74                        _ztest_test_rule_list_end = .

init_array      0x08003e74        0x0
                0x08003e74                        __zephyr_init_array_start = .
 *(SORT_BY_INIT_PRIORITY(.init_array.*) SORT_BY_INIT_PRIORITY(.ctors.*))
 *(SORT_BY_ALIGNMENT(.init_array) SORT_BY_ALIGNMENT(.ctors))
                0x08003e74                        __zephyr_init_array_end = .
                0x00000001                        ASSERT ((__zephyr_init_array_start == __zephyr_init_array_end), GNU-style constructors required but STATIC_INIT_GNU not enabled)

bt_l2cap_fixed_chan_area
                0x08003e74        0x0
                0x08003e74                        _bt_l2cap_fixed_chan_list_start = .
 *(SORT_BY_NAME(SORT_BY_ALIGNMENT(._bt_l2cap_fixed_chan.static.*)))
                0x08003e74                        _bt_l2cap_fixed_chan_list_end = .

bt_gatt_service_static_area
                0x08003e74        0x0
                0x08003e74                        _bt_gatt_service_static_list_start = .
 *(SORT_BY_NAME(SORT_BY_ALIGNMENT(._bt_gatt_service_static.static.*)))
                0x08003e74                        _bt_gatt_service_static_list_end = .

log_strings_area
                0x08003e74        0x0
                0x08003e74                        _log_strings_list_start = .
 *(SORT_BY_NAME(SORT_BY_ALIGNMENT(._log_strings.static.*)))
                0x08003e74                        _log_strings_list_end = .

log_stmesp_ptr_area
                0x08003e74        0x0
                0x08003e74                        _log_stmesp_ptr_list_start = .
 *(SORT_BY_NAME(SORT_BY_ALIGNMENT(._log_stmesp_ptr.static.*)))
                0x08003e74                        _log_stmesp_ptr_list_end = .

log_stmesp_str_area
                0x08003e74        0x0
                0x08003e74                        _log_stmesp_str_list_start = .
 *(SORT_BY_NAME(SORT_BY_ALIGNMENT(._log_stmesp_str.static.*)))
                0x08003e74                        _log_stmesp_str_list_end = .

log_const_area  0x08003e74        0x0
                0x08003e74                        _log_const_list_start = .
 *(SORT_BY_NAME(SORT_BY_ALIGNMENT(._log_const.static.*)))
                0x08003e74                        _log_const_list_end = .

log_backend_area
                0x08003e74        0x0
                0x08003e74                        _log_backend_list_start = .
 *(SORT_BY_NAME(SORT_BY_ALIGNMENT(._log_backend.static.*)))
                0x08003e74                        _log_backend_list_end = .

log_link_area   0x08003e74        0x0
                0x08003e74                        _log_link_list_start = .
 *(SORT_BY_NAME(SORT_BY_ALIGNMENT(._log_link.static.*)))
                0x08003e74                        _log_link_list_end = .

tracing_backend_area
                0x08003e74        0x0
                0x08003e74                        _tracing_backend_list_start = .
 *(SORT_BY_NAME(SORT_BY_ALIGNMENT(._tracing_backend.static.*)))
                0x08003e74                        _tracing_backend_list_end = .

zephyr_dbg_info
 *(SORT_BY_ALIGNMENT(.dbg_thread_info))

intc_table_area
                0x08003e74        0x0
                0x08003e74                        _intc_table_list_start = .
 *(SORT_BY_NAME(SORT_BY_ALIGNMENT(._intc_table.static.*)))
                0x08003e74                        _intc_table_list_end = .

symbol_to_keep  0x08003e74        0x0
                0x08003e74                        __symbol_to_keep_start = .
 *(SORT_BY_NAME(SORT_BY_ALIGNMENT(.symbol_to_keep*)))
                0x08003e74                        __symbol_to_keep_end = .

shell_area      0x08003e74        0x0
                0x08003e74                        _shell_list_start = .
 *(SORT_BY_NAME(SORT_BY_ALIGNMENT(._shell.static.*)))
                0x08003e74                        _shell_list_end = .

shell_root_cmds_area
                0x08003e74        0x0
                0x08003e74                        _shell_root_cmds_list_start = .
 *(SORT_BY_NAME(SORT_BY_ALIGNMENT(._shell_root_cmds.static.*)))
                0x08003e74                        _shell_root_cmds_list_end = .

shell_subcmds_area
                0x08003e74        0x0
                0x08003e74                        _shell_subcmds_list_start = .
 *(SORT_BY_NAME(SORT_BY_ALIGNMENT(._shell_subcmds.static.*)))
                0x08003e74                        _shell_subcmds_list_end = .

shell_dynamic_subcmds_area
                0x08003e74        0x0
                0x08003e74                        _shell_dynamic_subcmds_list_start = .
 *(SORT_BY_NAME(SORT_BY_ALIGNMENT(._shell_dynamic_subcmds.static.*)))
                0x08003e74                        _shell_dynamic_subcmds_list_end = .

shell_remote_area
                0x08003e74        0x0
                0x08003e74                        _shell_remote_list_start = .
 *(SORT_BY_NAME(SORT_BY_ALIGNMENT(._shell_remote.static.*)))
                0x08003e74                        _shell_remote_list_end = .

cfb_font_area   0x08003e74        0x0
                0x08003e74                        _cfb_font_list_start = .
 *(SORT_BY_NAME(SORT_BY_ALIGNMENT(._cfb_font.static.*)))
                0x08003e74                        _cfb_font_list_end = .

tdata           0x08003e74        0x0
 *(SORT_BY_ALIGNMENT(.tdata) SORT_BY_ALIGNMENT(.tdata.*) SORT_BY_ALIGNMENT(.gnu.linkonce.td.*))

tbss            0x08003e74        0x4
 *(SORT_BY_ALIGNMENT(.tbss) SORT_BY_ALIGNMENT(.tbss.*) SORT_BY_ALIGNMENT(.gnu.linkonce.tb.*) SORT_BY_ALIGNMENT(.tcommon))
 .tbss.z_tls_current
                0x08003e74        0x4 zephyr/libzephyr.a(thread_entry.c.obj)
                0x08003e74                z_tls_current
                0x08003e74                        PROVIDE (__tdata_start = LOADADDR (tdata))
                0x00000001                        PROVIDE (__tdata_align = ALIGNOF (tdata))
                0x00000000                        PROVIDE (__tdata_size = (((SIZEOF (tdata) + __tdata_align) - 0x1) & ~ ((__tdata_align - 0x1))))
                [!provide]                        PROVIDE (__tdata_end = (__tdata_start + __tdata_size))
                0x00000004                        PROVIDE (__tbss_align = ALIGNOF (tbss))
                [!provide]                        PROVIDE (__tbss_start = ADDR (tbss))
                0x00000004                        PROVIDE (__tbss_size = (((SIZEOF (tbss) + __tbss_align) - 0x1) & ~ ((__tbss_align - 0x1))))
                [!provide]                        PROVIDE (__tbss_end = (__tbss_start + __tbss_size))
                [!provide]                        PROVIDE (__tls_start = __tdata_start)
                [!provide]                        PROVIDE (__tls_size = (__tbss_end - __tdata_start))
                [!provide]                        PROVIDE (__tls_end = __tbss_end)

rodata          0x08003e74      0x6d0
 *(SORT_BY_ALIGNMENT(.rodata))
 .rodata        0x08003e74        0x8 zephyr/drivers/interrupt_controller/libdrivers__interrupt_controller.a(intc_exti_stm32.c.obj)
 *(SORT_BY_ALIGNMENT(.rodata.*))
 .rodata.gpio_stm32_cfg_h
                0x08003e7c       0x14 zephyr/libzephyr.a(gpioport_mgr.c.obj)
 .rodata.gpio_stm32_cfg_g
                0x08003e90       0x14 zephyr/libzephyr.a(gpioport_mgr.c.obj)
 .rodata.gpio_stm32_cfg_f
                0x08003ea4       0x14 zephyr/libzephyr.a(gpioport_mgr.c.obj)
 .rodata.gpio_stm32_cfg_e
                0x08003eb8       0x14 zephyr/libzephyr.a(gpioport_mgr.c.obj)
 .rodata.gpio_stm32_cfg_d
                0x08003ecc       0x14 zephyr/libzephyr.a(gpioport_mgr.c.obj)
 .rodata.gpio_stm32_cfg_c
                0x08003ee0       0x14 zephyr/libzephyr.a(gpioport_mgr.c.obj)
 .rodata.gpio_stm32_cfg_b
                0x08003ef4       0x14 zephyr/libzephyr.a(gpioport_mgr.c.obj)
 .rodata.gpio_stm32_cfg_a
                0x08003f08       0x14 zephyr/libzephyr.a(gpioport_mgr.c.obj)
 .rodata.gpio_ports
                0x08003f1c       0x20 zephyr/libzephyr.a(gpioport_mgr.c.obj)
 .rodata.mem_attr_region
                0x08003f3c        0x0 zephyr/libzephyr.a(mem_attr.c.obj)
 .rodata.static_regions
                0x08003f3c        0xc zephyr/arch/arch/arm/core/mpu/libarch__arm__core__mpu.a(arm_core_mpu.c.obj)
 .rodata.mpu_config
                0x08003f48        0x8 zephyr/arch/arch/arm/core/mpu/libarch__arm__core__mpu.a(arm_mpu_regions.c.obj)
                0x08003f48                mpu_config
 .rodata.mpu_regions
                0x08003f50       0x18 zephyr/arch/arch/arm/core/mpu/libarch__arm__core__mpu.a(arm_mpu_regions.c.obj)
 .rodata.reset_stm32_config
                0x08003f68        0x4 zephyr/drivers/reset/libdrivers__reset.a(reset_stm32.c.obj)
 .rodata.uart_stm32_cfg_0
                0x08003f6c       0x2c zephyr/drivers/serial/libdrivers__serial.a(uart_stm32.c.obj)
 .rodata.pclken_0
                0x08003f98        0x8 zephyr/drivers/serial/libdrivers__serial.a(uart_stm32.c.obj)
 .rodata.__pinctrl_dev_config__device_dts_ord_64
                0x08003fa0        0x8 zephyr/drivers/serial/libdrivers__serial.a(uart_stm32.c.obj)
 .rodata.__pinctrl_states__device_dts_ord_64
                0x08003fa8        0x8 zephyr/drivers/serial/libdrivers__serial.a(uart_stm32.c.obj)
 .rodata.__pinctrl_state_pins_0__device_dts_ord_64
                0x08003fb0        0x8 zephyr/drivers/serial/libdrivers__serial.a(uart_stm32.c.obj)
 .rodata.levels.0
                0x08003fb8       0x18 zephyr/kernel/libkernel.a(init.c.obj)
 .rodata.CSWTCH.95
                0x08003fd0        0x6 zephyr/drivers/serial/libdrivers__serial.a(uart_stm32.c.obj)
 .rodata.main.str1.1
                0x08003fd6      0x550 app/libapp.a(main.c.obj)
                                 0x29 (size before relaxing)
 .rodata.boot_banner.str1.1
                0x08004526       0x3b zephyr/libzephyr.a(boot_banner.c.obj)
 .rodata.str1.1
                0x08004526       0x70 zephyr/libzephyr.a(gpioport_mgr.c.obj)
 .rodata.z_arm_fatal_error.str1.1
                0x08004526       0xb3 zephyr/arch/arch/arm/core/libarch__arm__core.a(fatal.c.obj)
 .rodata.mem_manage_fault.str1.1
                0x08004526       0xdf zephyr/arch/arch/arm/core/cortex_m/libarch__arm__core__cortex_m.a(fault.c.obj)
 .rodata.usage_fault.isra.0.str1.1
                0x08004526       0xd4 zephyr/arch/arch/arm/core/cortex_m/libarch__arm__core__cortex_m.a(fault.c.obj)
 .rodata.bus_fault.isra.0.str1.1
                0x08004526       0x8e zephyr/arch/arch/arm/core/cortex_m/libarch__arm__core__cortex_m.a(fault.c.obj)
 .rodata.z_arm_fault.str1.1
                0x08004526      0x119 zephyr/arch/arch/arm/core/cortex_m/libarch__arm__core__cortex_m.a(fault.c.obj)
 .rodata.str1.1
                0x08004526        0xf zephyr/arch/arch/arm/core/mpu/libarch__arm__core__mpu.a(arm_mpu_regions.c.obj)
 .rodata.str1.1
                0x08004526       0x1e zephyr/drivers/interrupt_controller/libdrivers__interrupt_controller.a(intc_exti_stm32.c.obj)
 .rodata.line_range_6.0
                0x08004526        0x2 zephyr/drivers/interrupt_controller/libdrivers__interrupt_controller.a(intc_gpio_stm32.c.obj)
 .rodata.line_range_5.1
                0x08004528        0x2 zephyr/drivers/interrupt_controller/libdrivers__interrupt_controller.a(intc_gpio_stm32.c.obj)
 .rodata.line_range_4.2
                0x0800452a        0x2 zephyr/drivers/interrupt_controller/libdrivers__interrupt_controller.a(intc_gpio_stm32.c.obj)
 .rodata.line_range_3.3
                0x0800452c        0x2 zephyr/drivers/interrupt_controller/libdrivers__interrupt_controller.a(intc_gpio_stm32.c.obj)
 .rodata.line_range_2.4
                0x0800452e        0x2 zephyr/drivers/interrupt_controller/libdrivers__interrupt_controller.a(intc_gpio_stm32.c.obj)
 .rodata.line_range_1.5
                0x08004530        0x2 zephyr/drivers/interrupt_controller/libdrivers__interrupt_controller.a(intc_gpio_stm32.c.obj)
 .rodata.line_range_0.6
                0x08004532        0x2 zephyr/drivers/interrupt_controller/libdrivers__interrupt_controller.a(intc_gpio_stm32.c.obj)
 .rodata.str1.1
                0x08004534        0xd zephyr/drivers/clock_control/libdrivers__clock_control.a(clock_stm32_ll_common.c.obj)
 .rodata.str1.1
                0x08004534       0x11 zephyr/drivers/reset/libdrivers__reset.a(reset_stm32.c.obj)
 .rodata.str1.1
                0x08004534       0x10 zephyr/drivers/serial/libdrivers__serial.a(uart_stm32.c.obj)
 .rodata.AHBPrescTable
                0x08004534       0x10 modules/hal_stm32/stm32cube/lib..__modules__hal__stm32__stm32cube.a(system_stm32f4xx.c.obj)
                0x08004534                AHBPrescTable
 .rodata.z_cstart.str1.1
                0x08004544        0x5 zephyr/kernel/libkernel.a(init.c.obj)
 .rodata.__l_vfprintf.str1.1
                0x08004544        0xf C:/Users/fyaih/zephyr-sdk-1.0.1/gnu/arm-zephyr-eabi/bin/../lib/gcc/arm-zephyr-eabi/14.3.0/../../../../arm-zephyr-eabi/lib/thumb/v7e-m/nofp/space\libc.a(libc_tinystdio_vflprintf.c.o)
 *(SORT_BY_ALIGNMENT(.gnu.linkonce.r.*))
                0x08004640                        . = ALIGN (0x4)
                [!provide]                        PROVIDE (__eh_frame_start = 0x0)
                [!provide]                        PROVIDE (__eh_frame_end = 0x0)
                [!provide]                        PROVIDE (__eh_frame_hdr_start = 0x0)
                [!provide]                        PROVIDE (__eh_frame_hdr_end = 0x0)

/DISCARD/
 *(SORT_BY_ALIGNMENT(.eh_frame))
                0x08004544                        __rodata_region_end = .
                0x08004640                        . = ALIGN (_region_min_align)
                0x08008000                        . = ALIGN ((0x1 << LOG2CEIL ((__rodata_region_end - ADDR (rom_start)))))
                0x08008000                        __rom_region_end = ((__rom_region_start + .) - ADDR (rom_start))
                0x00008000                        __rom_region_size = (__rom_region_end - __rom_region_start)

/DISCARD/
 *(SORT_BY_ALIGNMENT(.got.plt))
 *(SORT_BY_ALIGNMENT(.igot.plt))
 *(SORT_BY_ALIGNMENT(.got))
 *(SORT_BY_ALIGNMENT(.igot))
                0x20000000                        . = 0x20000000